main.c:63:6:setTimer0	16	static
main.c:69:6:timer_run	4	static
main.c:81:6:display7SEG	16	static
main.c:183:6:update7SEG	16	static
main.c:224:6:updateClockBuffer	4	static
main.c:232:6:clearLedMatrix	8	static
main.c:258:6:displayRow	16	static
main.c:270:6:displayCol	16	static
main.c:282:6:updateLedMatrix	16	static
main.c:293:5:main	16	static
main.c:381:6:SystemClock_Config	72	static
main.c:417:13:MX_TIM2_Init	32	static
main.c:462:13:MX_GPIO_Init	32	static
main.c:511:6:HAL_TIM_PeriodElapsedCallback	16	static
main.c:521:6:Error_Handler	4	static,ignoring_inline_asm
