16:25:16 **** Incremental Build of configuration Debug for project Lab3_STM32 ****
make -j4 all 
arm-none-eabi-gcc "../Core/Src/main.c" -mcpu=cortex-m3 -std=gnu11 -g3 -DDEBUG -DUSE_HAL_DRIVER -DSTM32F103x6 -c -I../Core/Inc -I../Drivers/STM32F1xx_HAL_Driver/Inc -I../Drivers/STM32F1xx_HAL_Driver/Inc/Legacy -I../Drivers/CMSIS/Device/ST/STM32F1xx/Include -I../Drivers/CMSIS/Include -O0 -ffunction-sections -fdata-sections -Wall -fstack-usage -MMD -MP -MF"Core/Src/main.d" -MT"Core/Src/main.o" --specs=nano.specs -mfloat-abi=soft -mthumb -o "Core/Src/main.o"
arm-none-eabi-gcc -o "Lab3_STM32.elf" @"objects.list"   -mcpu=cortex-m3 -T"D:\STM32_Lab\Lab3\Lab3_STM32\STM32F103C6UX_FLASH.ld" --specs=nosys.specs -Wl,-Map="Lab3_STM32.map" -Wl,--gc-sections -static --specs=nano.specs -mfloat-abi=soft -mthumb -Wl,--start-group -lc -lm -Wl,--end-group
Finished building target: Lab3_STM32.elf
 
arm-none-eabi-size   Lab3_STM32.elf 
arm-none-eabi-objdump -h -S  Lab3_STM32.elf  > "Lab3_STM32.list"
arm-none-eabi-objcopy  -O ihex  Lab3_STM32.elf  "Lab3_STM32.hex"
arm-none-eabi-objcopy  -O binary  Lab3_STM32.elf  "Lab3_STM32.bin"
   text	   data	    bss	    dec	    hex	filename
  12492	     96	   1752	  14340	   3804	Lab3_STM32.elf
Finished building: default.size.stdout
 
Finished building: Lab3_STM32.bin
Finished building: Lab3_STM32.hex
 
 
Finished building: Lab3_STM32.list
 

16:25:18 Build Finished. 0 errors, 0 warnings. (took 2s.685ms)

