16:59:18 **** Build of configuration Debug for project Lab1_1_STM32 ****
make -j4 all 
arm-none-eabi-gcc "../Drivers/STM32F1xx_HAL_Driver/Src/stm32f1xx_hal.c" -mcpu=cortex-m3 -std=gnu11 -g3 -DDEBUG -DUSE_HAL_DRIVER -DSTM32F103x6 -c -I../Core/Inc -I../Drivers/STM32F1xx_HAL_Driver/Inc -I../Drivers/STM32F1xx_HAL_Driver/Inc/Legacy -I../Drivers/CMSIS/Device/ST/STM32F1xx/Include -I../Drivers/CMSIS/Include -O0 -ffunction-sections -fdata-sections -Wall -fstack-usage -MMD -MP -MF"Drivers/STM32F1xx_HAL_Driver/Src/stm32f1xx_hal.d" -MT"Drivers/STM32F1xx_HAL_Driver/Src/stm32f1xx_hal.o" --specs=nano.specs -mfloat-abi=soft -mthumb -o "Drivers/STM32F1xx_HAL_Driver/Src/stm32f1xx_hal.o"
arm-none-eabi-gcc "../Drivers/STM32F1xx_HAL_Driver/Src/stm32f1xx_hal_cortex.c" -mcpu=cortex-m3 -std=gnu11 -g3 -DDEBUG -DUSE_HAL_DRIVER -DSTM32F103x6 -c -I../Core/Inc -I../Drivers/STM32F1xx_HAL_Driver/Inc -I../Drivers/STM32F1xx_HAL_Driver/Inc/Legacy -I../Drivers/CMSIS/Device/ST/STM32F1xx/Include -I../Drivers/CMSIS/Include -O0 -ffunction-sections -fdata-sections -Wall -fstack-usage -MMD -MP -MF"Drivers/STM32F1xx_HAL_Driver/Src/stm32f1xx_hal_cortex.d" -MT"Drivers/STM32F1xx_HAL_Driver/Src/stm32f1xx_hal_cortex.o" --specs=nano.specs -mfloat-abi=soft -mthumb -o "Drivers/STM32F1xx_HAL_Driver/Src/stm32f1xx_hal_cortex.o"
arm-none-eabi-gcc "../Drivers/STM32F1xx_HAL_Driver/Src/stm32f1xx_hal_dma.c" -mcpu=cortex-m3 -std=gnu11 -g3 -DDEBUG -DUSE_HAL_DRIVER -DSTM32F103x6 -c -I../Core/Inc -I../Drivers/STM32F1xx_HAL_Driver/Inc -I../Drivers/STM32F1xx_HAL_Driver/Inc/Legacy -I../Drivers/CMSIS/Device/ST/STM32F1xx/Include -I../Drivers/CMSIS/Include -O0 -ffunction-sections -fdata-sections -Wall -fstack-usage -MMD -MP -MF"Drivers/STM32F1xx_HAL_Driver/Src/stm32f1xx_hal_dma.d" -MT"Drivers/STM32F1xx_HAL_Driver/Src/stm32f1xx_hal_dma.o" --specs=nano.specs -mfloat-abi=soft -mthumb -o "Drivers/STM32F1xx_HAL_Driver/Src/stm32f1xx_hal_dma.o"
arm-none-eabi-gcc "../Drivers/STM32F1xx_HAL_Driver/Src/stm32f1xx_hal_exti.c" -mcpu=cortex-m3 -std=gnu11 -g3 -DDEBUG -DUSE_HAL_DRIVER -DSTM32F103x6 -c -I../Core/Inc -I../Drivers/STM32F1xx_HAL_Driver/Inc -I../Drivers/STM32F1xx_HAL_Driver/Inc/Legacy -I../Drivers/CMSIS/Device/ST/STM32F1xx/Include -I../Drivers/CMSIS/Include -O0 -ffunction-sections -fdata-sections -Wall -fstack-usage -MMD -MP -MF"Drivers/STM32F1xx_HAL_Driver/Src/stm32f1xx_hal_exti.d" -MT"Drivers/STM32F1xx_HAL_Driver/Src/stm32f1xx_hal_exti.o" --specs=nano.specs -mfloat-abi=soft -mthumb -o "Drivers/STM32F1xx_HAL_Driver/Src/stm32f1xx_hal_exti.o"
arm-none-eabi-gcc "../Drivers/STM32F1xx_HAL_Driver/Src/stm32f1xx_hal_flash.c" -mcpu=cortex-m3 -std=gnu11 -g3 -DDEBUG -DUSE_HAL_DRIVER -DSTM32F103x6 -c -I../Core/Inc -I../Drivers/STM32F1xx_HAL_Driver/Inc -I../Drivers/STM32F1xx_HAL_Driver/Inc/Legacy -I../Drivers/CMSIS/Device/ST/STM32F1xx/Include -I../Drivers/CMSIS/Include -O0 -ffunction-sections -fdata-sections -Wall -fstack-usage -MMD -MP -MF"Drivers/STM32F1xx_HAL_Driver/Src/stm32f1xx_hal_flash.d" -MT"Drivers/STM32F1xx_HAL_Driver/Src/stm32f1xx_hal_flash.o" --specs=nano.specs -mfloat-abi=soft -mthumb -o "Drivers/STM32F1xx_HAL_Driver/Src/stm32f1xx_hal_flash.o"
arm-none-eabi-gcc "../Drivers/STM32F1xx_HAL_Driver/Src/stm32f1xx_hal_flash_ex.c" -mcpu=cortex-m3 -std=gnu11 -g3 -DDEBUG -DUSE_HAL_DRIVER -DSTM32F103x6 -c -I../Core/Inc -I../Drivers/STM32F1xx_HAL_Driver/Inc -I../Drivers/STM32F1xx_HAL_Driver/Inc/Legacy -I../Drivers/CMSIS/Device/ST/STM32F1xx/Include -I../Drivers/CMSIS/Include -O0 -ffunction-sections -fdata-sections -Wall -fstack-usage -MMD -MP -MF"Drivers/STM32F1xx_HAL_Driver/Src/stm32f1xx_hal_flash_ex.d" -MT"Drivers/STM32F1xx_HAL_Driver/Src/stm32f1xx_hal_flash_ex.o" --specs=nano.specs -mfloat-abi=soft -mthumb -o "Drivers/STM32F1xx_HAL_Driver/Src/stm32f1xx_hal_flash_ex.o"
arm-none-eabi-gcc "../Drivers/STM32F1xx_HAL_Driver/Src/stm32f1xx_hal_gpio.c" -mcpu=cortex-m3 -std=gnu11 -g3 -DDEBUG -DUSE_HAL_DRIVER -DSTM32F103x6 -c -I../Core/Inc -I../Drivers/STM32F1xx_HAL_Driver/Inc -I../Drivers/STM32F1xx_HAL_Driver/Inc/Legacy -I../Drivers/CMSIS/Device/ST/STM32F1xx/Include -I../Drivers/CMSIS/Include -O0 -ffunction-sections -fdata-sections -Wall -fstack-usage -MMD -MP -MF"Drivers/STM32F1xx_HAL_Driver/Src/stm32f1xx_hal_gpio.d" -MT"Drivers/STM32F1xx_HAL_Driver/Src/stm32f1xx_hal_gpio.o" --specs=nano.specs -mfloat-abi=soft -mthumb -o "Drivers/STM32F1xx_HAL_Driver/Src/stm32f1xx_hal_gpio.o"
arm-none-eabi-gcc "../Drivers/STM32F1xx_HAL_Driver/Src/stm32f1xx_hal_gpio_ex.c" -mcpu=cortex-m3 -std=gnu11 -g3 -DDEBUG -DUSE_HAL_DRIVER -DSTM32F103x6 -c -I../Core/Inc -I../Drivers/STM32F1xx_HAL_Driver/Inc -I../Drivers/STM32F1xx_HAL_Driver/Inc/Legacy -I../Drivers/CMSIS/Device/ST/STM32F1xx/Include -I../Drivers/CMSIS/Include -O0 -ffunction-sections -fdata-sections -Wall -fstack-usage -MMD -MP -MF"Drivers/STM32F1xx_HAL_Driver/Src/stm32f1xx_hal_gpio_ex.d" -MT"Drivers/STM32F1xx_HAL_Driver/Src/stm32f1xx_hal_gpio_ex.o" --specs=nano.specs -mfloat-abi=soft -mthumb -o "Drivers/STM32F1xx_HAL_Driver/Src/stm32f1xx_hal_gpio_ex.o"
arm-none-eabi-gcc "../Drivers/STM32F1xx_HAL_Driver/Src/stm32f1xx_hal_pwr.c" -mcpu=cortex-m3 -std=gnu11 -g3 -DDEBUG -DUSE_HAL_DRIVER -DSTM32F103x6 -c -I../Core/Inc -I../Drivers/STM32F1xx_HAL_Driver/Inc -I../Drivers/STM32F1xx_HAL_Driver/Inc/Legacy -I../Drivers/CMSIS/Device/ST/STM32F1xx/Include -I../Drivers/CMSIS/Include -O0 -ffunction-sections -fdata-sections -Wall -fstack-usage -MMD -MP -MF"Drivers/STM32F1xx_HAL_Driver/Src/stm32f1xx_hal_pwr.d" -MT"Drivers/STM32F1xx_HAL_Driver/Src/stm32f1xx_hal_pwr.o" --specs=nano.specs -mfloat-abi=soft -mthumb -o "Drivers/STM32F1xx_HAL_Driver/Src/stm32f1xx_hal_pwr.o"
arm-none-eabi-gcc "../Drivers/STM32F1xx_HAL_Driver/Src/stm32f1xx_hal_rcc.c" -mcpu=cortex-m3 -std=gnu11 -g3 -DDEBUG -DUSE_HAL_DRIVER -DSTM32F103x6 -c -I../Core/Inc -I../Drivers/STM32F1xx_HAL_Driver/Inc -I../Drivers/STM32F1xx_HAL_Driver/Inc/Legacy -I../Drivers/CMSIS/Device/ST/STM32F1xx/Include -I../Drivers/CMSIS/Include -O0 -ffunction-sections -fdata-sections -Wall -fstack-usage -MMD -MP -MF"Drivers/STM32F1xx_HAL_Driver/Src/stm32f1xx_hal_rcc.d" -MT"Drivers/STM32F1xx_HAL_Driver/Src/stm32f1xx_hal_rcc.o" --specs=nano.specs -mfloat-abi=soft -mthumb -o "Drivers/STM32F1xx_HAL_Driver/Src/stm32f1xx_hal_rcc.o"
arm-none-eabi-gcc "../Drivers/STM32F1xx_HAL_Driver/Src/stm32f1xx_hal_rcc_ex.c" -mcpu=cortex-m3 -std=gnu11 -g3 -DDEBUG -DUSE_HAL_DRIVER -DSTM32F103x6 -c -I../Core/Inc -I../Drivers/STM32F1xx_HAL_Driver/Inc -I../Drivers/STM32F1xx_HAL_Driver/Inc/Legacy -I../Drivers/CMSIS/Device/ST/STM32F1xx/Include -I../Drivers/CMSIS/Include -O0 -ffunction-sections -fdata-sections -Wall -fstack-usage -MMD -MP -MF"Drivers/STM32F1xx_HAL_Driver/Src/stm32f1xx_hal_rcc_ex.d" -MT"Drivers/STM32F1xx_HAL_Driver/Src/stm32f1xx_hal_rcc_ex.o" --specs=nano.specs -mfloat-abi=soft -mthumb -o "Drivers/STM32F1xx_HAL_Driver/Src/stm32f1xx_hal_rcc_ex.o"
arm-none-eabi-gcc "../Drivers/STM32F1xx_HAL_Driver/Src/stm32f1xx_hal_tim.c" -mcpu=cortex-m3 -std=gnu11 -g3 -DDEBUG -DUSE_HAL_DRIVER -DSTM32F103x6 -c -I../Core/Inc -I../Drivers/STM32F1xx_HAL_Driver/Inc -I../Drivers/STM32F1xx_HAL_Driver/Inc/Legacy -I../Drivers/CMSIS/Device/ST/STM32F1xx/Include -I../Drivers/CMSIS/Include -O0 -ffunction-sections -fdata-sections -Wall -fstack-usage -MMD -MP -MF"Drivers/STM32F1xx_HAL_Driver/Src/stm32f1xx_hal_tim.d" -MT"Drivers/STM32F1xx_HAL_Driver/Src/stm32f1xx_hal_tim.o" --specs=nano.specs -mfloat-abi=soft -mthumb -o "Drivers/STM32F1xx_HAL_Driver/Src/stm32f1xx_hal_tim.o"
arm-none-eabi-gcc "../Drivers/STM32F1xx_HAL_Driver/Src/stm32f1xx_hal_tim_ex.c" -mcpu=cortex-m3 -std=gnu11 -g3 -DDEBUG -DUSE_HAL_DRIVER -DSTM32F103x6 -c -I../Core/Inc -I../Drivers/STM32F1xx_HAL_Driver/Inc -I../Drivers/STM32F1xx_HAL_Driver/Inc/Legacy -I../Drivers/CMSIS/Device/ST/STM32F1xx/Include -I../Drivers/CMSIS/Include -O0 -ffunction-sections -fdata-sections -Wall -fstack-usage -MMD -MP -MF"Drivers/STM32F1xx_HAL_Driver/Src/stm32f1xx_hal_tim_ex.d" -MT"Drivers/STM32F1xx_HAL_Driver/Src/stm32f1xx_hal_tim_ex.o" --specs=nano.specs -mfloat-abi=soft -mthumb -o "Drivers/STM32F1xx_HAL_Driver/Src/stm32f1xx_hal_tim_ex.o"
arm-none-eabi-gcc -mcpu=cortex-m3 -g3 -DDEBUG -c -x assembler-with-cpp -MMD -MP -MF"Core/Startup/startup_stm32f103c6ux.d" -MT"Core/Startup/startup_stm32f103c6ux.o" --specs=nano.specs -mfloat-abi=soft -mthumb -o "Core/Startup/startup_stm32f103c6ux.o" "../Core/Startup/startup_stm32f103c6ux.s"
arm-none-eabi-gcc "../Core/Src/main.c" -mcpu=cortex-m3 -std=gnu11 -g3 -DDEBUG -DUSE_HAL_DRIVER -DSTM32F103x6 -c -I../Core/Inc -I../Drivers/STM32F1xx_HAL_Driver/Inc -I../Drivers/STM32F1xx_HAL_Driver/Inc/Legacy -I../Drivers/CMSIS/Device/ST/STM32F1xx/Include -I../Drivers/CMSIS/Include -O0 -ffunction-sections -fdata-sections -Wall -fstack-usage -MMD -MP -MF"Core/Src/main.d" -MT"Core/Src/main.o" --specs=nano.specs -mfloat-abi=soft -mthumb -o "Core/Src/main.o"
arm-none-eabi-gcc "../Core/Src/stm32f1xx_hal_msp.c" -mcpu=cortex-m3 -std=gnu11 -g3 -DDEBUG -DUSE_HAL_DRIVER -DSTM32F103x6 -c -I../Core/Inc -I../Drivers/STM32F1xx_HAL_Driver/Inc -I../Drivers/STM32F1xx_HAL_Driver/Inc/Legacy -I../Drivers/CMSIS/Device/ST/STM32F1xx/Include -I../Drivers/CMSIS/Include -O0 -ffunction-sections -fdata-sections -Wall -fstack-usage -MMD -MP -MF"Core/Src/stm32f1xx_hal_msp.d" -MT"Core/Src/stm32f1xx_hal_msp.o" --specs=nano.specs -mfloat-abi=soft -mthumb -o "Core/Src/stm32f1xx_hal_msp.o"
arm-none-eabi-gcc "../Core/Src/stm32f1xx_it.c" -mcpu=cortex-m3 -std=gnu11 -g3 -DDEBUG -DUSE_HAL_DRIVER -DSTM32F103x6 -c -I../Core/Inc -I../Drivers/STM32F1xx_HAL_Driver/Inc -I../Drivers/STM32F1xx_HAL_Driver/Inc/Legacy -I../Drivers/CMSIS/Device/ST/STM32F1xx/Include -I../Drivers/CMSIS/Include -O0 -ffunction-sections -fdata-sections -Wall -fstack-usage -MMD -MP -MF"Core/Src/stm32f1xx_it.d" -MT"Core/Src/stm32f1xx_it.o" --specs=nano.specs -mfloat-abi=soft -mthumb -o "Core/Src/stm32f1xx_it.o"
arm-none-eabi-gcc "../Core/Src/syscalls.c" -mcpu=cortex-m3 -std=gnu11 -g3 -DDEBUG -DUSE_HAL_DRIVER -DSTM32F103x6 -c -I../Core/Inc -I../Drivers/STM32F1xx_HAL_Driver/Inc -I../Drivers/STM32F1xx_HAL_Driver/Inc/Legacy -I../Drivers/CMSIS/Device/ST/STM32F1xx/Include -I../Drivers/CMSIS/Include -O0 -ffunction-sections -fdata-sections -Wall -fstack-usage -MMD -MP -MF"Core/Src/syscalls.d" -MT"Core/Src/syscalls.o" --specs=nano.specs -mfloat-abi=soft -mthumb -o "Core/Src/syscalls.o"
arm-none-eabi-gcc "../Core/Src/sysmem.c" -mcpu=cortex-m3 -std=gnu11 -g3 -DDEBUG -DUSE_HAL_DRIVER -DSTM32F103x6 -c -I../Core/Inc -I../Drivers/STM32F1xx_HAL_Driver/Inc -I../Drivers/STM32F1xx_HAL_Driver/Inc/Legacy -I../Drivers/CMSIS/Device/ST/STM32F1xx/Include -I../Drivers/CMSIS/Include -O0 -ffunction-sections -fdata-sections -Wall -fstack-usage -MMD -MP -MF"Core/Src/sysmem.d" -MT"Core/Src/sysmem.o" --specs=nano.specs -mfloat-abi=soft -mthumb -o "Core/Src/sysmem.o"
arm-none-eabi-gcc "../Core/Src/system_stm32f1xx.c" -mcpu=cortex-m3 -std=gnu11 -g3 -DDEBUG -DUSE_HAL_DRIVER -DSTM32F103x6 -c -I../Core/Inc -I../Drivers/STM32F1xx_HAL_Driver/Inc -I../Drivers/STM32F1xx_HAL_Driver/Inc/Legacy -I../Drivers/CMSIS/Device/ST/STM32F1xx/Include -I../Drivers/CMSIS/Include -O0 -ffunction-sections -fdata-sections -Wall -fstack-usage -MMD -MP -MF"Core/Src/system_stm32f1xx.d" -MT"Core/Src/system_stm32f1xx.o" --specs=nano.specs -mfloat-abi=soft -mthumb -o "Core/Src/system_stm32f1xx.o"
arm-none-eabi-gcc -o "Lab1_1_STM32.elf" @"objects.list"   -mcpu=cortex-m3 -T"D:\STM32_Lab\Lab1\Lab1_1_STM32\STM32F103C6UX_FLASH.ld" --specs=nosys.specs -Wl,-Map="Lab1_1_STM32.map" -Wl,--gc-sections -static --specs=nano.specs -mfloat-abi=soft -mthumb -Wl,--start-group -lc -lm -Wl,--end-group
Finished building target: Lab1_1_STM32.elf
 
arm-none-eabi-size   Lab1_1_STM32.elf 
arm-none-eabi-objdump -h -S  Lab1_1_STM32.elf  > "Lab1_1_STM32.list"
arm-none-eabi-objcopy  -O ihex  Lab1_1_STM32.elf  "Lab1_1_STM32.hex"
arm-none-eabi-objcopy  -O binary  Lab1_1_STM32.elf  "Lab1_1_STM32.bin"
   text	   data	    bss	    dec	    hex	filename
   4428	     20	   1572	   6020	   1784	Lab1_1_STM32.elf
Finished building: default.size.stdout
 
Finished building: Lab1_1_STM32.hex
Finished building: Lab1_1_STM32.bin
Finished building: Lab1_1_STM32.list
 
 
 
17:02:49 **** Incremental Build of configuration Debug for project Lab1_1_STM32 ****
make -j4 all 
arm-none-eabi-gcc "../Core/Src/main.c" -mcpu=cortex-m3 -std=gnu11 -g3 -DDEBUG -DUSE_HAL_DRIVER -DSTM32F103x6 -c -I../Core/Inc -I../Drivers/STM32F1xx_HAL_Driver/Inc -I../Drivers/STM32F1xx_HAL_Driver/Inc/Legacy -I../Drivers/CMSIS/Device/ST/STM32F1xx/Include -I../Drivers/CMSIS/Include -O0 -ffunction-sections -fdata-sections -Wall -fstack-usage -MMD -MP -MF"Core/Src/main.d" -MT"Core/Src/main.o" --specs=nano.specs -mfloat-abi=soft -mthumb -o "Core/Src/main.o"
arm-none-eabi-gcc -o "Lab1_1_STM32.elf" @"objects.list"   -mcpu=cortex-m3 -T"D:\STM32_Lab\Lab1\Lab1_1_STM32\STM32F103C6UX_FLASH.ld" --specs=nosys.specs -Wl,-Map="Lab1_1_STM32.map" -Wl,--gc-sections -static --specs=nano.specs -mfloat-abi=soft -mthumb -Wl,--start-group -lc -lm -Wl,--end-group
Finished building target: Lab1_1_STM32.elf
 
arm-none-eabi-size   Lab1_1_STM32.elf 
arm-none-eabi-objdump -h -S  Lab1_1_STM32.elf  > "Lab1_1_STM32.list"
arm-none-eabi-objcopy  -O ihex  Lab1_1_STM32.elf  "Lab1_1_STM32.hex"
arm-none-eabi-objcopy  -O binary  Lab1_1_STM32.elf  "Lab1_1_STM32.bin"
   text	   data	    bss	    dec	    hex	filename
   4576	     20	   1572	   6168	   1818	Lab1_1_STM32.elf
Finished building: default.size.stdout
 
Finished building: Lab1_1_STM32.bin
Finished building: Lab1_1_STM32.hex
 
 
Finished building: Lab1_1_STM32.list
 
17:44:28 **** Incremental Build of configuration Debug for project Lab1_1_STM32 ****
make -j4 all 
arm-none-eabi-gcc "../Core/Src/main.c" -mcpu=cortex-m3 -std=gnu11 -g3 -DDEBUG -DUSE_HAL_DRIVER -DSTM32F103x6 -c -I../Core/Inc -I../Drivers/STM32F1xx_HAL_Driver/Inc -I../Drivers/STM32F1xx_HAL_Driver/Inc/Legacy -I../Drivers/CMSIS/Device/ST/STM32F1xx/Include -I../Drivers/CMSIS/Include -O0 -ffunction-sections -fdata-sections -Wall -fstack-usage -MMD -MP -MF"Core/Src/main.d" -MT"Core/Src/main.o" --specs=nano.specs -mfloat-abi=soft -mthumb -o "Core/Src/main.o"
arm-none-eabi-gcc -o "Lab1_1_STM32.elf" @"objects.list"   -mcpu=cortex-m3 -T"D:\STM32_Lab\Lab1\Lab1_1_STM32\STM32F103C6UX_FLASH.ld" --specs=nosys.specs -Wl,-Map="Lab1_1_STM32.map" -Wl,--gc-sections -static --specs=nano.specs -mfloat-abi=soft -mthumb -Wl,--start-group -lc -lm -Wl,--end-group
Finished building target: Lab1_1_STM32.elf
 
arm-none-eabi-size   Lab1_1_STM32.elf 
arm-none-eabi-objdump -h -S  Lab1_1_STM32.elf  > "Lab1_1_STM32.list"
arm-none-eabi-objcopy  -O ihex  Lab1_1_STM32.elf  "Lab1_1_STM32.hex"
arm-none-eabi-objcopy  -O binary  Lab1_1_STM32.elf  "Lab1_1_STM32.bin"
   text	   data	    bss	    dec	    hex	filename
   4576	     20	   1572	   6168	   1818	Lab1_1_STM32.elf
Finished building: default.size.stdout
 
Finished building: Lab1_1_STM32.bin
Finished building: Lab1_1_STM32.hex
 
 
Finished building: Lab1_1_STM32.list
 
18:12:12 **** Incremental Build of configuration Debug for project Lab1_1_STM32 ****
make -j4 all 
arm-none-eabi-size   Lab1_1_STM32.elf 
   text	   data	    bss	    dec	    hex	filename
   4576	     20	   1572	   6168	   1818	Lab1_1_STM32.elf
Finished building: default.size.stdout
 
18:51:35 **** Incremental Build of configuration Debug for project Lab1_1_STM32 ****
make -j4 all 
arm-none-eabi-size   Lab1_1_STM32.elf 
   text	   data	    bss	    dec	    hex	filename
   4576	     20	   1572	   6168	   1818	Lab1_1_STM32.elf
Finished building: default.size.stdout
 
19:05:17 **** Incremental Build of configuration Debug for project Lab1_1_STM32 ****
make -j4 all 
arm-none-eabi-gcc "../Core/Src/main.c" -mcpu=cortex-m3 -std=gnu11 -g3 -DDEBUG -DUSE_HAL_DRIVER -DSTM32F103x6 -c -I../Core/Inc -I../Drivers/STM32F1xx_HAL_Driver/Inc -I../Drivers/STM32F1xx_HAL_Driver/Inc/Legacy -I../Drivers/CMSIS/Device/ST/STM32F1xx/Include -I../Drivers/CMSIS/Include -O0 -ffunction-sections -fdata-sections -Wall -fstack-usage -MMD -MP -MF"Core/Src/main.d" -MT"Core/Src/main.o" --specs=nano.specs -mfloat-abi=soft -mthumb -o "Core/Src/main.o"
arm-none-eabi-gcc -o "Lab1_1_STM32.elf" @"objects.list"   -mcpu=cortex-m3 -T"D:\STM32_Lab\Lab1\Lab1_1_STM32\STM32F103C6UX_FLASH.ld" --specs=nosys.specs -Wl,-Map="Lab1_1_STM32.map" -Wl,--gc-sections -static --specs=nano.specs -mfloat-abi=soft -mthumb -Wl,--start-group -lc -lm -Wl,--end-group
Finished building target: Lab1_1_STM32.elf
 
arm-none-eabi-size   Lab1_1_STM32.elf 
arm-none-eabi-objdump -h -S  Lab1_1_STM32.elf  > "Lab1_1_STM32.list"
arm-none-eabi-objcopy  -O ihex  Lab1_1_STM32.elf  "Lab1_1_STM32.hex"
arm-none-eabi-objcopy  -O binary  Lab1_1_STM32.elf  "Lab1_1_STM32.bin"
   text	   data	    bss	    dec	    hex	filename
   4576	     20	   1572	   6168	   1818	Lab1_1_STM32.elf
Finished building: default.size.stdout
 
Finished building: Lab1_1_STM32.bin
Finished building: Lab1_1_STM32.hex
Finished building: Lab1_1_STM32.list
 
 
 
19:20:00 **** Incremental Build of configuration Debug for project Lab1_1_STM32 ****
make -j4 all 
arm-none-eabi-gcc "../Core/Src/main.c" -mcpu=cortex-m3 -std=gnu11 -g3 -DDEBUG -DUSE_HAL_DRIVER -DSTM32F103x6 -c -I../Core/Inc -I../Drivers/STM32F1xx_HAL_Driver/Inc -I../Drivers/STM32F1xx_HAL_Driver/Inc/Legacy -I../Drivers/CMSIS/Device/ST/STM32F1xx/Include -I../Drivers/CMSIS/Include -O0 -ffunction-sections -fdata-sections -Wall -fstack-usage -MMD -MP -MF"Core/Src/main.d" -MT"Core/Src/main.o" --specs=nano.specs -mfloat-abi=soft -mthumb -o "Core/Src/main.o"
arm-none-eabi-gcc -o "Lab1_1_STM32.elf" @"objects.list"   -mcpu=cortex-m3 -T"D:\STM32_Lab\Lab1\Lab1_1_STM32\STM32F103C6UX_FLASH.ld" --specs=nosys.specs -Wl,-Map="Lab1_1_STM32.map" -Wl,--gc-sections -static --specs=nano.specs -mfloat-abi=soft -mthumb -Wl,--start-group -lc -lm -Wl,--end-group
Finished building target: Lab1_1_STM32.elf
 
arm-none-eabi-size   Lab1_1_STM32.elf 
arm-none-eabi-objdump -h -S  Lab1_1_STM32.elf  > "Lab1_1_STM32.list"
arm-none-eabi-objcopy  -O ihex  Lab1_1_STM32.elf  "Lab1_1_STM32.hex"
arm-none-eabi-objcopy  -O binary  Lab1_1_STM32.elf  "Lab1_1_STM32.bin"
   text	   data	    bss	    dec	    hex	filename
   4576	     20	   1572	   6168	   1818	Lab1_1_STM32.elf
Finished building: default.size.stdout
 
Finished building: Lab1_1_STM32.hex
Finished building: Lab1_1_STM32.bin
 
 
Finished building: Lab1_1_STM32.list
 
14:35:12 **** Incremental Build of configuration Debug for project Lab1_1_STM32 ****
make -j4 all 
arm-none-eabi-gcc "../Core/Src/main.c" -mcpu=cortex-m3 -std=gnu11 -g3 -DDEBUG -DUSE_HAL_DRIVER -DSTM32F103x6 -c -I../Core/Inc -I../Drivers/STM32F1xx_HAL_Driver/Inc -I../Drivers/STM32F1xx_HAL_Driver/Inc/Legacy -I../Drivers/CMSIS/Device/ST/STM32F1xx/Include -I../Drivers/CMSIS/Include -O0 -ffunction-sections -fdata-sections -Wall -fstack-usage -MMD -MP -MF"Core/Src/main.d" -MT"Core/Src/main.o" --specs=nano.specs -mfloat-abi=soft -mthumb -o "Core/Src/main.o"
arm-none-eabi-gcc -o "Lab1_1_STM32.elf" @"objects.list"   -mcpu=cortex-m3 -T"D:\STM32_Lab\Lab1\Lab1_1_STM32\STM32F103C6UX_FLASH.ld" --specs=nosys.specs -Wl,-Map="Lab1_1_STM32.map" -Wl,--gc-sections -static --specs=nano.specs -mfloat-abi=soft -mthumb -Wl,--start-group -lc -lm -Wl,--end-group
Finished building target: Lab1_1_STM32.elf
 
arm-none-eabi-size   Lab1_1_STM32.elf 
arm-none-eabi-objdump -h -S  Lab1_1_STM32.elf  > "Lab1_1_STM32.list"
arm-none-eabi-objcopy  -O ihex  Lab1_1_STM32.elf  "Lab1_1_STM32.hex"
arm-none-eabi-objcopy  -O binary  Lab1_1_STM32.elf  "Lab1_1_STM32.bin"
   text	   data	    bss	    dec	    hex	filename
   4576	     20	   1572	   6168	   1818	Lab1_1_STM32.elf
Finished building: default.size.stdout
 
Finished building: Lab1_1_STM32.hex
Finished building: Lab1_1_STM32.bin
 
 
Finished building: Lab1_1_STM32.list
 
14:41:27 **** Incremental Build of configuration Debug for project Lab1_1_STM32 ****
make -j4 all 
arm-none-eabi-gcc "../Core/Src/main.c" -mcpu=cortex-m3 -std=gnu11 -g3 -DDEBUG -DUSE_HAL_DRIVER -DSTM32F103x6 -c -I../Core/Inc -I../Drivers/STM32F1xx_HAL_Driver/Inc -I../Drivers/STM32F1xx_HAL_Driver/Inc/Legacy -I../Drivers/CMSIS/Device/ST/STM32F1xx/Include -I../Drivers/CMSIS/Include -O0 -ffunction-sections -fdata-sections -Wall -fstack-usage -MMD -MP -MF"Core/Src/main.d" -MT"Core/Src/main.o" --specs=nano.specs -mfloat-abi=soft -mthumb -o "Core/Src/main.o"
arm-none-eabi-gcc -o "Lab1_1_STM32.elf" @"objects.list"   -mcpu=cortex-m3 -T"D:\STM32_Lab\Lab1\Lab1_1_STM32\STM32F103C6UX_FLASH.ld" --specs=nosys.specs -Wl,-Map="Lab1_1_STM32.map" -Wl,--gc-sections -static --specs=nano.specs -mfloat-abi=soft -mthumb -Wl,--start-group -lc -lm -Wl,--end-group
Finished building target: Lab1_1_STM32.elf
 
arm-none-eabi-size   Lab1_1_STM32.elf 
arm-none-eabi-objdump -h -S  Lab1_1_STM32.elf  > "Lab1_1_STM32.list"
arm-none-eabi-objcopy  -O ihex  Lab1_1_STM32.elf  "Lab1_1_STM32.hex"
arm-none-eabi-objcopy  -O binary  Lab1_1_STM32.elf  "Lab1_1_STM32.bin"
   text	   data	    bss	    dec	    hex	filename
   4576	     20	   1572	   6168	   1818	Lab1_1_STM32.elf
Finished building: default.size.stdout
 
Finished building: Lab1_1_STM32.bin
Finished building: Lab1_1_STM32.hex
 
Finished building: Lab1_1_STM32.list
 
 
14:42:39 **** Incremental Build of configuration Debug for project Lab1_1_STM32 ****
make -j4 all 
arm-none-eabi-gcc "../Core/Src/main.c" -mcpu=cortex-m3 -std=gnu11 -g3 -DDEBUG -DUSE_HAL_DRIVER -DSTM32F103x6 -c -I../Core/Inc -I../Drivers/STM32F1xx_HAL_Driver/Inc -I../Drivers/STM32F1xx_HAL_Driver/Inc/Legacy -I../Drivers/CMSIS/Device/ST/STM32F1xx/Include -I../Drivers/CMSIS/Include -O0 -ffunction-sections -fdata-sections -Wall -fstack-usage -MMD -MP -MF"Core/Src/main.d" -MT"Core/Src/main.o" --specs=nano.specs -mfloat-abi=soft -mthumb -o "Core/Src/main.o"
../Core/Src/main.c: In function 'main':
../Core/Src/main.c:96:4: error: too many arguments to function 'HAL_GPIO_TogglePin'
   96 |    HAL_GPIO_TogglePin(LED_RED_GPIO_Port, LED_RED_Pin, SET);
      |    ^~~~~~~~~~~~~~~~~~
In file included from ../Core/Inc/stm32f1xx_hal_conf.h:241,
                 from ../Drivers/STM32F1xx_HAL_Driver/Inc/stm32f1xx_hal.h:29,
                 from ../Core/Inc/main.h:31,
                 from ../Core/Src/main.c:21:
../Drivers/STM32F1xx_HAL_Driver/Inc/stm32f1xx_hal_gpio.h:235:6: note: declared here
  235 | void HAL_GPIO_TogglePin(GPIO_TypeDef *GPIOx, uint16_t GPIO_Pin);
      |      ^~~~~~~~~~~~~~~~~~
make: *** [Core/Src/subdir.mk:34: Core/Src/main.o] Error 1
"make -j4 all" terminated with exit code 2. Build might be incomplete.
14:42:50 **** Incremental Build of configuration Debug for project Lab1_1_STM32 ****
make -j4 all 
arm-none-eabi-gcc "../Core/Src/main.c" -mcpu=cortex-m3 -std=gnu11 -g3 -DDEBUG -DUSE_HAL_DRIVER -DSTM32F103x6 -c -I../Core/Inc -I../Drivers/STM32F1xx_HAL_Driver/Inc -I../Drivers/STM32F1xx_HAL_Driver/Inc/Legacy -I../Drivers/CMSIS/Device/ST/STM32F1xx/Include -I../Drivers/CMSIS/Include -O0 -ffunction-sections -fdata-sections -Wall -fstack-usage -MMD -MP -MF"Core/Src/main.d" -MT"Core/Src/main.o" --specs=nano.specs -mfloat-abi=soft -mthumb -o "Core/Src/main.o"
../Core/Src/main.c: In function 'main':
../Core/Src/main.c:96:4: error: too many arguments to function 'HAL_GPIO_TogglePin'
   96 |    HAL_GPIO_TogglePin(LED_RED_GPIO_Port, LED_RED_Pin, RESET);
      |    ^~~~~~~~~~~~~~~~~~
In file included from ../Core/Inc/stm32f1xx_hal_conf.h:241,
                 from ../Drivers/STM32F1xx_HAL_Driver/Inc/stm32f1xx_hal.h:29,
                 from ../Core/Inc/main.h:31,
                 from ../Core/Src/main.c:21:
../Drivers/STM32F1xx_HAL_Driver/Inc/stm32f1xx_hal_gpio.h:235:6: note: declared here
  235 | void HAL_GPIO_TogglePin(GPIO_TypeDef *GPIOx, uint16_t GPIO_Pin);
      |      ^~~~~~~~~~~~~~~~~~
make: *** [Core/Src/subdir.mk:34: Core/Src/main.o] Error 1
"make -j4 all" terminated with exit code 2. Build might be incomplete.
14:42:58 **** Incremental Build of configuration Debug for project Lab1_1_STM32 ****
make -j4 all 
arm-none-eabi-gcc "../Core/Src/main.c" -mcpu=cortex-m3 -std=gnu11 -g3 -DDEBUG -DUSE_HAL_DRIVER -DSTM32F103x6 -c -I../Core/Inc -I../Drivers/STM32F1xx_HAL_Driver/Inc -I../Drivers/STM32F1xx_HAL_Driver/Inc/Legacy -I../Drivers/CMSIS/Device/ST/STM32F1xx/Include -I../Drivers/CMSIS/Include -O0 -ffunction-sections -fdata-sections -Wall -fstack-usage -MMD -MP -MF"Core/Src/main.d" -MT"Core/Src/main.o" --specs=nano.specs -mfloat-abi=soft -mthumb -o "Core/Src/main.o"
arm-none-eabi-gcc -o "Lab1_1_STM32.elf" @"objects.list"   -mcpu=cortex-m3 -T"D:\STM32_Lab\Lab1\Lab1_1_STM32\STM32F103C6UX_FLASH.ld" --specs=nosys.specs -Wl,-Map="Lab1_1_STM32.map" -Wl,--gc-sections -static --specs=nano.specs -mfloat-abi=soft -mthumb -Wl,--start-group -lc -lm -Wl,--end-group
Finished building target: Lab1_1_STM32.elf
 
arm-none-eabi-size   Lab1_1_STM32.elf 
arm-none-eabi-objdump -h -S  Lab1_1_STM32.elf  > "Lab1_1_STM32.list"
arm-none-eabi-objcopy  -O ihex  Lab1_1_STM32.elf  "Lab1_1_STM32.hex"
arm-none-eabi-objcopy  -O binary  Lab1_1_STM32.elf  "Lab1_1_STM32.bin"
   text	   data	    bss	    dec	    hex	filename
   4576	     20	   1572	   6168	   1818	Lab1_1_STM32.elf
Finished building: default.size.stdout
 
Finished building: Lab1_1_STM32.bin
Finished building: Lab1_1_STM32.hex
Finished building: Lab1_1_STM32.list
 
 
 
14:44:50 **** Incremental Build of configuration Debug for project Lab1_1_STM32 ****
make -j4 all 
arm-none-eabi-size   Lab1_1_STM32.elf 
   text	   data	    bss	    dec	    hex	filename
   4576	     20	   1572	   6168	   1818	Lab1_1_STM32.elf
Finished building: default.size.stdout
 
14:46:10 **** Incremental Build of configuration Debug for project Lab1_1_STM32 ****
make -j4 all 
arm-none-eabi-gcc "../Core/Src/main.c" -mcpu=cortex-m3 -std=gnu11 -g3 -DDEBUG -DUSE_HAL_DRIVER -DSTM32F103x6 -c -I../Core/Inc -I../Drivers/STM32F1xx_HAL_Driver/Inc -I../Drivers/STM32F1xx_HAL_Driver/Inc/Legacy -I../Drivers/CMSIS/Device/ST/STM32F1xx/Include -I../Drivers/CMSIS/Include -O0 -ffunction-sections -fdata-sections -Wall -fstack-usage -MMD -MP -MF"Core/Src/main.d" -MT"Core/Src/main.o" --specs=nano.specs -mfloat-abi=soft -mthumb -o "Core/Src/main.o"
arm-none-eabi-gcc -o "Lab1_1_STM32.elf" @"objects.list"   -mcpu=cortex-m3 -T"D:\STM32_Lab\Lab1\Lab1_1_STM32\STM32F103C6UX_FLASH.ld" --specs=nosys.specs -Wl,-Map="Lab1_1_STM32.map" -Wl,--gc-sections -static --specs=nano.specs -mfloat-abi=soft -mthumb -Wl,--start-group -lc -lm -Wl,--end-group
Finished building target: Lab1_1_STM32.elf
 
arm-none-eabi-size   Lab1_1_STM32.elf 
arm-none-eabi-objdump -h -S  Lab1_1_STM32.elf  > "Lab1_1_STM32.list"
arm-none-eabi-objcopy  -O ihex  Lab1_1_STM32.elf  "Lab1_1_STM32.hex"
arm-none-eabi-objcopy  -O binary  Lab1_1_STM32.elf  "Lab1_1_STM32.bin"
   text	   data	    bss	    dec	    hex	filename
   4524	     20	   1572	   6116	   17e4	Lab1_1_STM32.elf
Finished building: default.size.stdout
Finished building: Lab1_1_STM32.hex
Finished building: Lab1_1_STM32.list
Finished building: Lab1_1_STM32.bin
 
 
 
 
14:46:24 **** Incremental Build of configuration Debug for project Lab1_1_STM32 ****
make -j4 all 
arm-none-eabi-gcc "../Core/Src/main.c" -mcpu=cortex-m3 -std=gnu11 -g3 -DDEBUG -DUSE_HAL_DRIVER -DSTM32F103x6 -c -I../Core/Inc -I../Drivers/STM32F1xx_HAL_Driver/Inc -I../Drivers/STM32F1xx_HAL_Driver/Inc/Legacy -I../Drivers/CMSIS/Device/ST/STM32F1xx/Include -I../Drivers/CMSIS/Include -O0 -ffunction-sections -fdata-sections -Wall -fstack-usage -MMD -MP -MF"Core/Src/main.d" -MT"Core/Src/main.o" --specs=nano.specs -mfloat-abi=soft -mthumb -o "Core/Src/main.o"
arm-none-eabi-gcc -o "Lab1_1_STM32.elf" @"objects.list"   -mcpu=cortex-m3 -T"D:\STM32_Lab\Lab1\Lab1_1_STM32\STM32F103C6UX_FLASH.ld" --specs=nosys.specs -Wl,-Map="Lab1_1_STM32.map" -Wl,--gc-sections -static --specs=nano.specs -mfloat-abi=soft -mthumb -Wl,--start-group -lc -lm -Wl,--end-group
Finished building target: Lab1_1_STM32.elf
 
arm-none-eabi-size   Lab1_1_STM32.elf 
arm-none-eabi-objdump -h -S  Lab1_1_STM32.elf  > "Lab1_1_STM32.list"
arm-none-eabi-objcopy  -O ihex  Lab1_1_STM32.elf  "Lab1_1_STM32.hex"
arm-none-eabi-objcopy  -O binary  Lab1_1_STM32.elf  "Lab1_1_STM32.bin"
   text	   data	    bss	    dec	    hex	filename
   4524	     20	   1572	   6116	   17e4	Lab1_1_STM32.elf
Finished building: default.size.stdout
 
Finished building: Lab1_1_STM32.hex
Finished building: Lab1_1_STM32.bin
Finished building: Lab1_1_STM32.list
 
 
 
14:46:44 **** Incremental Build of configuration Debug for project Lab1_1_STM32 ****
make -j4 all 
arm-none-eabi-gcc "../Core/Src/main.c" -mcpu=cortex-m3 -std=gnu11 -g3 -DDEBUG -DUSE_HAL_DRIVER -DSTM32F103x6 -c -I../Core/Inc -I../Drivers/STM32F1xx_HAL_Driver/Inc -I../Drivers/STM32F1xx_HAL_Driver/Inc/Legacy -I../Drivers/CMSIS/Device/ST/STM32F1xx/Include -I../Drivers/CMSIS/Include -O0 -ffunction-sections -fdata-sections -Wall -fstack-usage -MMD -MP -MF"Core/Src/main.d" -MT"Core/Src/main.o" --specs=nano.specs -mfloat-abi=soft -mthumb -o "Core/Src/main.o"
arm-none-eabi-gcc -o "Lab1_1_STM32.elf" @"objects.list"   -mcpu=cortex-m3 -T"D:\STM32_Lab\Lab1\Lab1_1_STM32\STM32F103C6UX_FLASH.ld" --specs=nosys.specs -Wl,-Map="Lab1_1_STM32.map" -Wl,--gc-sections -static --specs=nano.specs -mfloat-abi=soft -mthumb -Wl,--start-group -lc -lm -Wl,--end-group
Finished building target: Lab1_1_STM32.elf
 
arm-none-eabi-size   Lab1_1_STM32.elf 
arm-none-eabi-objdump -h -S  Lab1_1_STM32.elf  > "Lab1_1_STM32.list"
arm-none-eabi-objcopy  -O ihex  Lab1_1_STM32.elf  "Lab1_1_STM32.hex"
arm-none-eabi-objcopy  -O binary  Lab1_1_STM32.elf  "Lab1_1_STM32.bin"
   text	   data	    bss	    dec	    hex	filename
   4524	     20	   1572	   6116	   17e4	Lab1_1_STM32.elf
Finished building: default.size.stdout
 
Finished building: Lab1_1_STM32.hex
Finished building: Lab1_1_STM32.bin
Finished building: Lab1_1_STM32.list
 
 
 
14:47:35 **** Incremental Build of configuration Debug for project Lab1_1_STM32 ****
make -j4 all 
arm-none-eabi-gcc "../Core/Src/main.c" -mcpu=cortex-m3 -std=gnu11 -g3 -DDEBUG -DUSE_HAL_DRIVER -DSTM32F103x6 -c -I../Core/Inc -I../Drivers/STM32F1xx_HAL_Driver/Inc -I../Drivers/STM32F1xx_HAL_Driver/Inc/Legacy -I../Drivers/CMSIS/Device/ST/STM32F1xx/Include -I../Drivers/CMSIS/Include -O0 -ffunction-sections -fdata-sections -Wall -fstack-usage -MMD -MP -MF"Core/Src/main.d" -MT"Core/Src/main.o" --specs=nano.specs -mfloat-abi=soft -mthumb -o "Core/Src/main.o"
arm-none-eabi-gcc -o "Lab1_1_STM32.elf" @"objects.list"   -mcpu=cortex-m3 -T"D:\STM32_Lab\Lab1\Lab1_1_STM32\STM32F103C6UX_FLASH.ld" --specs=nosys.specs -Wl,-Map="Lab1_1_STM32.map" -Wl,--gc-sections -static --specs=nano.specs -mfloat-abi=soft -mthumb -Wl,--start-group -lc -lm -Wl,--end-group
Finished building target: Lab1_1_STM32.elf
 
arm-none-eabi-size   Lab1_1_STM32.elf 
arm-none-eabi-objdump -h -S  Lab1_1_STM32.elf  > "Lab1_1_STM32.list"
arm-none-eabi-objcopy  -O ihex  Lab1_1_STM32.elf  "Lab1_1_STM32.hex"
arm-none-eabi-objcopy  -O binary  Lab1_1_STM32.elf  "Lab1_1_STM32.bin"
   text	   data	    bss	    dec	    hex	filename
   4536	     20	   1572	   6128	   17f0	Lab1_1_STM32.elf
Finished building: default.size.stdout
 
Finished building: Lab1_1_STM32.hex
Finished building: Lab1_1_STM32.bin
 
 
Finished building: Lab1_1_STM32.list
 
14:48:21 **** Incremental Build of configuration Debug for project Lab1_1_STM32 ****
make -j4 all 
arm-none-eabi-gcc "../Core/Src/main.c" -mcpu=cortex-m3 -std=gnu11 -g3 -DDEBUG -DUSE_HAL_DRIVER -DSTM32F103x6 -c -I../Core/Inc -I../Drivers/STM32F1xx_HAL_Driver/Inc -I../Drivers/STM32F1xx_HAL_Driver/Inc/Legacy -I../Drivers/CMSIS/Device/ST/STM32F1xx/Include -I../Drivers/CMSIS/Include -O0 -ffunction-sections -fdata-sections -Wall -fstack-usage -MMD -MP -MF"Core/Src/main.d" -MT"Core/Src/main.o" --specs=nano.specs -mfloat-abi=soft -mthumb -o "Core/Src/main.o"
arm-none-eabi-gcc -o "Lab1_1_STM32.elf" @"objects.list"   -mcpu=cortex-m3 -T"D:\STM32_Lab\Lab1\Lab1_1_STM32\STM32F103C6UX_FLASH.ld" --specs=nosys.specs -Wl,-Map="Lab1_1_STM32.map" -Wl,--gc-sections -static --specs=nano.specs -mfloat-abi=soft -mthumb -Wl,--start-group -lc -lm -Wl,--end-group
Finished building target: Lab1_1_STM32.elf
 
arm-none-eabi-size   Lab1_1_STM32.elf 
arm-none-eabi-objdump -h -S  Lab1_1_STM32.elf  > "Lab1_1_STM32.list"
arm-none-eabi-objcopy  -O ihex  Lab1_1_STM32.elf  "Lab1_1_STM32.hex"
arm-none-eabi-objcopy  -O binary  Lab1_1_STM32.elf  "Lab1_1_STM32.bin"
   text	   data	    bss	    dec	    hex	filename
   4544	     20	   1572	   6136	   17f8	Lab1_1_STM32.elf
Finished building: default.size.stdout
Finished building: Lab1_1_STM32.bin
 
 
Finished building: Lab1_1_STM32.hex
Finished building: Lab1_1_STM32.list
 
 
14:49:07 **** Incremental Build of configuration Debug for project Lab1_1_STM32 ****
make -j4 all 
arm-none-eabi-gcc "../Core/Src/main.c" -mcpu=cortex-m3 -std=gnu11 -g3 -DDEBUG -DUSE_HAL_DRIVER -DSTM32F103x6 -c -I../Core/Inc -I../Drivers/STM32F1xx_HAL_Driver/Inc -I../Drivers/STM32F1xx_HAL_Driver/Inc/Legacy -I../Drivers/CMSIS/Device/ST/STM32F1xx/Include -I../Drivers/CMSIS/Include -O0 -ffunction-sections -fdata-sections -Wall -fstack-usage -MMD -MP -MF"Core/Src/main.d" -MT"Core/Src/main.o" --specs=nano.specs -mfloat-abi=soft -mthumb -o "Core/Src/main.o"
arm-none-eabi-gcc -o "Lab1_1_STM32.elf" @"objects.list"   -mcpu=cortex-m3 -T"D:\STM32_Lab\Lab1\Lab1_1_STM32\STM32F103C6UX_FLASH.ld" --specs=nosys.specs -Wl,-Map="Lab1_1_STM32.map" -Wl,--gc-sections -static --specs=nano.specs -mfloat-abi=soft -mthumb -Wl,--start-group -lc -lm -Wl,--end-group
Finished building target: Lab1_1_STM32.elf
 
arm-none-eabi-size   Lab1_1_STM32.elf 
arm-none-eabi-objdump -h -S  Lab1_1_STM32.elf  > "Lab1_1_STM32.list"
arm-none-eabi-objcopy  -O ihex  Lab1_1_STM32.elf  "Lab1_1_STM32.hex"
arm-none-eabi-objcopy  -O binary  Lab1_1_STM32.elf  "Lab1_1_STM32.bin"
   text	   data	    bss	    dec	    hex	filename
   4544	     20	   1572	   6136	   17f8	Lab1_1_STM32.elf
Finished building: default.size.stdout
 
Finished building: Lab1_1_STM32.hex
Finished building: Lab1_1_STM32.bin
Finished building: Lab1_1_STM32.list
 
 
 
14:50:53 **** Incremental Build of configuration Debug for project Lab1_1_STM32 ****
make -j4 all 
arm-none-eabi-gcc "../Core/Src/main.c" -mcpu=cortex-m3 -std=gnu11 -g3 -DDEBUG -DUSE_HAL_DRIVER -DSTM32F103x6 -c -I../Core/Inc -I../Drivers/STM32F1xx_HAL_Driver/Inc -I../Drivers/STM32F1xx_HAL_Driver/Inc/Legacy -I../Drivers/CMSIS/Device/ST/STM32F1xx/Include -I../Drivers/CMSIS/Include -O0 -ffunction-sections -fdata-sections -Wall -fstack-usage -MMD -MP -MF"Core/Src/main.d" -MT"Core/Src/main.o" --specs=nano.specs -mfloat-abi=soft -mthumb -o "Core/Src/main.o"
arm-none-eabi-gcc -o "Lab1_1_STM32.elf" @"objects.list"   -mcpu=cortex-m3 -T"D:\STM32_Lab\Lab1\Lab1_1_STM32\STM32F103C6UX_FLASH.ld" --specs=nosys.specs -Wl,-Map="Lab1_1_STM32.map" -Wl,--gc-sections -static --specs=nano.specs -mfloat-abi=soft -mthumb -Wl,--start-group -lc -lm -Wl,--end-group
Finished building target: Lab1_1_STM32.elf
 
arm-none-eabi-size   Lab1_1_STM32.elf 
arm-none-eabi-objdump -h -S  Lab1_1_STM32.elf  > "Lab1_1_STM32.list"
arm-none-eabi-objcopy  -O ihex  Lab1_1_STM32.elf  "Lab1_1_STM32.hex"
arm-none-eabi-objcopy  -O binary  Lab1_1_STM32.elf  "Lab1_1_STM32.bin"
   text	   data	    bss	    dec	    hex	filename
   4524	     20	   1572	   6116	   17e4	Lab1_1_STM32.elf
Finished building: default.size.stdout
 
Finished building: Lab1_1_STM32.bin
Finished building: Lab1_1_STM32.hex
 
Finished building: Lab1_1_STM32.list
 
 
14:51:31 **** Incremental Build of configuration Debug for project Lab1_1_STM32 ****
make -j4 all 
arm-none-eabi-gcc "../Core/Src/main.c" -mcpu=cortex-m3 -std=gnu11 -g3 -DDEBUG -DUSE_HAL_DRIVER -DSTM32F103x6 -c -I../Core/Inc -I../Drivers/STM32F1xx_HAL_Driver/Inc -I../Drivers/STM32F1xx_HAL_Driver/Inc/Legacy -I../Drivers/CMSIS/Device/ST/STM32F1xx/Include -I../Drivers/CMSIS/Include -O0 -ffunction-sections -fdata-sections -Wall -fstack-usage -MMD -MP -MF"Core/Src/main.d" -MT"Core/Src/main.o" --specs=nano.specs -mfloat-abi=soft -mthumb -o "Core/Src/main.o"
arm-none-eabi-gcc -o "Lab1_1_STM32.elf" @"objects.list"   -mcpu=cortex-m3 -T"D:\STM32_Lab\Lab1\Lab1_1_STM32\STM32F103C6UX_FLASH.ld" --specs=nosys.specs -Wl,-Map="Lab1_1_STM32.map" -Wl,--gc-sections -static --specs=nano.specs -mfloat-abi=soft -mthumb -Wl,--start-group -lc -lm -Wl,--end-group
Finished building target: Lab1_1_STM32.elf
 
arm-none-eabi-size   Lab1_1_STM32.elf 
arm-none-eabi-objdump -h -S  Lab1_1_STM32.elf  > "Lab1_1_STM32.list"
arm-none-eabi-objcopy  -O ihex  Lab1_1_STM32.elf  "Lab1_1_STM32.hex"
arm-none-eabi-objcopy  -O binary  Lab1_1_STM32.elf  "Lab1_1_STM32.bin"
   text	   data	    bss	    dec	    hex	filename
   4444	     20	   1572	   6036	   1794	Lab1_1_STM32.elf
Finished building: default.size.stdout
 
Finished building: Lab1_1_STM32.hex
Finished building: Lab1_1_STM32.bin
 
Finished building: Lab1_1_STM32.list
 
 
14:51:44 **** Incremental Build of configuration Debug for project Lab1_1_STM32 ****
make -j4 all 
arm-none-eabi-size   Lab1_1_STM32.elf 
   text	   data	    bss	    dec	    hex	filename
   4444	     20	   1572	   6036	   1794	Lab1_1_STM32.elf
Finished building: default.size.stdout
 
14:52:18 **** Incremental Build of configuration Debug for project Lab1_1_STM32 ****
make -j4 all 
arm-none-eabi-size   Lab1_1_STM32.elf 
   text	   data	    bss	    dec	    hex	filename
   4444	     20	   1572	   6036	   1794	Lab1_1_STM32.elf
Finished building: default.size.stdout
 
14:52:32 **** Incremental Build of configuration Debug for project Lab1_1_STM32 ****
make -j4 all 
arm-none-eabi-size   Lab1_1_STM32.elf 
   text	   data	    bss	    dec	    hex	filename
   4444	     20	   1572	   6036	   1794	Lab1_1_STM32.elf
Finished building: default.size.stdout
 
14:53:24 **** Incremental Build of configuration Debug for project Lab1_1_STM32 ****
make -j4 all 
arm-none-eabi-gcc "../Core/Src/main.c" -mcpu=cortex-m3 -std=gnu11 -g3 -DDEBUG -DUSE_HAL_DRIVER -DSTM32F103x6 -c -I../Core/Inc -I../Drivers/STM32F1xx_HAL_Driver/Inc -I../Drivers/STM32F1xx_HAL_Driver/Inc/Legacy -I../Drivers/CMSIS/Device/ST/STM32F1xx/Include -I../Drivers/CMSIS/Include -O0 -ffunction-sections -fdata-sections -Wall -fstack-usage -MMD -MP -MF"Core/Src/main.d" -MT"Core/Src/main.o" --specs=nano.specs -mfloat-abi=soft -mthumb -o "Core/Src/main.o"
arm-none-eabi-gcc -o "Lab1_1_STM32.elf" @"objects.list"   -mcpu=cortex-m3 -T"D:\STM32_Lab\Lab1\Lab1_1_STM32\STM32F103C6UX_FLASH.ld" --specs=nosys.specs -Wl,-Map="Lab1_1_STM32.map" -Wl,--gc-sections -static --specs=nano.specs -mfloat-abi=soft -mthumb -Wl,--start-group -lc -lm -Wl,--end-group
Finished building target: Lab1_1_STM32.elf
 
arm-none-eabi-size   Lab1_1_STM32.elf 
arm-none-eabi-objdump -h -S  Lab1_1_STM32.elf  > "Lab1_1_STM32.list"
arm-none-eabi-objcopy  -O ihex  Lab1_1_STM32.elf  "Lab1_1_STM32.hex"
arm-none-eabi-objcopy  -O binary  Lab1_1_STM32.elf  "Lab1_1_STM32.bin"
   text	   data	    bss	    dec	    hex	filename
   4444	     20	   1572	   6036	   1794	Lab1_1_STM32.elf
Finished building: default.size.stdout
 
Finished building: Lab1_1_STM32.hex
Finished building: Lab1_1_STM32.bin
 
 
Finished building: Lab1_1_STM32.list
 
14:53:32 **** Incremental Build of configuration Debug for project Lab1_1_STM32 ****
make -j4 all 
arm-none-eabi-gcc "../Core/Src/main.c" -mcpu=cortex-m3 -std=gnu11 -g3 -DDEBUG -DUSE_HAL_DRIVER -DSTM32F103x6 -c -I../Core/Inc -I../Drivers/STM32F1xx_HAL_Driver/Inc -I../Drivers/STM32F1xx_HAL_Driver/Inc/Legacy -I../Drivers/CMSIS/Device/ST/STM32F1xx/Include -I../Drivers/CMSIS/Include -O0 -ffunction-sections -fdata-sections -Wall -fstack-usage -MMD -MP -MF"Core/Src/main.d" -MT"Core/Src/main.o" --specs=nano.specs -mfloat-abi=soft -mthumb -o "Core/Src/main.o"
arm-none-eabi-gcc -o "Lab1_1_STM32.elf" @"objects.list"   -mcpu=cortex-m3 -T"D:\STM32_Lab\Lab1\Lab1_1_STM32\STM32F103C6UX_FLASH.ld" --specs=nosys.specs -Wl,-Map="Lab1_1_STM32.map" -Wl,--gc-sections -static --specs=nano.specs -mfloat-abi=soft -mthumb -Wl,--start-group -lc -lm -Wl,--end-group
Finished building target: Lab1_1_STM32.elf
 
arm-none-eabi-size   Lab1_1_STM32.elf 
arm-none-eabi-objdump -h -S  Lab1_1_STM32.elf  > "Lab1_1_STM32.list"
arm-none-eabi-objcopy  -O ihex  Lab1_1_STM32.elf  "Lab1_1_STM32.hex"
arm-none-eabi-objcopy  -O binary  Lab1_1_STM32.elf  "Lab1_1_STM32.bin"
   text	   data	    bss	    dec	    hex	filename
   4444	     20	   1572	   6036	   1794	Lab1_1_STM32.elf
Finished building: default.size.stdout
 
Finished building: Lab1_1_STM32.bin
Finished building: Lab1_1_STM32.hex
Finished building: Lab1_1_STM32.list
 
 
 
14:53:59 **** Incremental Build of configuration Debug for project Lab1_1_STM32 ****
make -j4 all 
arm-none-eabi-gcc "../Core/Src/main.c" -mcpu=cortex-m3 -std=gnu11 -g3 -DDEBUG -DUSE_HAL_DRIVER -DSTM32F103x6 -c -I../Core/Inc -I../Drivers/STM32F1xx_HAL_Driver/Inc -I../Drivers/STM32F1xx_HAL_Driver/Inc/Legacy -I../Drivers/CMSIS/Device/ST/STM32F1xx/Include -I../Drivers/CMSIS/Include -O0 -ffunction-sections -fdata-sections -Wall -fstack-usage -MMD -MP -MF"Core/Src/main.d" -MT"Core/Src/main.o" --specs=nano.specs -mfloat-abi=soft -mthumb -o "Core/Src/main.o"
../Core/Src/main.c: In function 'main':
../Core/Src/main.c:100:4: error: expected expression before '/' token
  100 |    /HAL_Delay(3000);
      |    ^
make: *** [Core/Src/subdir.mk:34: Core/Src/main.o] Error 1
"make -j4 all" terminated with exit code 2. Build might be incomplete.
14:54:06 **** Incremental Build of configuration Debug for project Lab1_1_STM32 ****
make -j4 all 
arm-none-eabi-gcc "../Core/Src/main.c" -mcpu=cortex-m3 -std=gnu11 -g3 -DDEBUG -DUSE_HAL_DRIVER -DSTM32F103x6 -c -I../Core/Inc -I../Drivers/STM32F1xx_HAL_Driver/Inc -I../Drivers/STM32F1xx_HAL_Driver/Inc/Legacy -I../Drivers/CMSIS/Device/ST/STM32F1xx/Include -I../Drivers/CMSIS/Include -O0 -ffunction-sections -fdata-sections -Wall -fstack-usage -MMD -MP -MF"Core/Src/main.d" -MT"Core/Src/main.o" --specs=nano.specs -mfloat-abi=soft -mthumb -o "Core/Src/main.o"
arm-none-eabi-gcc -o "Lab1_1_STM32.elf" @"objects.list"   -mcpu=cortex-m3 -T"D:\STM32_Lab\Lab1\Lab1_1_STM32\STM32F103C6UX_FLASH.ld" --specs=nosys.specs -Wl,-Map="Lab1_1_STM32.map" -Wl,--gc-sections -static --specs=nano.specs -mfloat-abi=soft -mthumb -Wl,--start-group -lc -lm -Wl,--end-group
Finished building target: Lab1_1_STM32.elf
 
arm-none-eabi-size   Lab1_1_STM32.elf 
arm-none-eabi-objdump -h -S  Lab1_1_STM32.elf  > "Lab1_1_STM32.list"
arm-none-eabi-objcopy  -O ihex  Lab1_1_STM32.elf  "Lab1_1_STM32.hex"
arm-none-eabi-objcopy  -O binary  Lab1_1_STM32.elf  "Lab1_1_STM32.bin"
   text	   data	    bss	    dec	    hex	filename
   4524	     20	   1572	   6116	   17e4	Lab1_1_STM32.elf
Finished building: default.size.stdout
Finished building: Lab1_1_STM32.bin
Finished building: Lab1_1_STM32.hex
 
Finished building: Lab1_1_STM32.list
 
 
 
14:54:37 **** Incremental Build of configuration Debug for project Lab1_1_STM32 ****
make -j4 all 
arm-none-eabi-gcc "../Core/Src/main.c" -mcpu=cortex-m3 -std=gnu11 -g3 -DDEBUG -DUSE_HAL_DRIVER -DSTM32F103x6 -c -I../Core/Inc -I../Drivers/STM32F1xx_HAL_Driver/Inc -I../Drivers/STM32F1xx_HAL_Driver/Inc/Legacy -I../Drivers/CMSIS/Device/ST/STM32F1xx/Include -I../Drivers/CMSIS/Include -O0 -ffunction-sections -fdata-sections -Wall -fstack-usage -MMD -MP -MF"Core/Src/main.d" -MT"Core/Src/main.o" --specs=nano.specs -mfloat-abi=soft -mthumb -o "Core/Src/main.o"
arm-none-eabi-gcc -o "Lab1_1_STM32.elf" @"objects.list"   -mcpu=cortex-m3 -T"D:\STM32_Lab\Lab1\Lab1_1_STM32\STM32F103C6UX_FLASH.ld" --specs=nosys.specs -Wl,-Map="Lab1_1_STM32.map" -Wl,--gc-sections -static --specs=nano.specs -mfloat-abi=soft -mthumb -Wl,--start-group -lc -lm -Wl,--end-group
Finished building target: Lab1_1_STM32.elf
 
arm-none-eabi-size   Lab1_1_STM32.elf 
arm-none-eabi-objdump -h -S  Lab1_1_STM32.elf  > "Lab1_1_STM32.list"
arm-none-eabi-objcopy  -O ihex  Lab1_1_STM32.elf  "Lab1_1_STM32.hex"
arm-none-eabi-objcopy  -O binary  Lab1_1_STM32.elf  "Lab1_1_STM32.bin"
   text	   data	    bss	    dec	    hex	filename
   4496	     20	   1572	   6088	   17c8	Lab1_1_STM32.elf
Finished building: default.size.stdout
 
Finished building: Lab1_1_STM32.bin
Finished building: Lab1_1_STM32.hex
Finished building: Lab1_1_STM32.list
 
 
 
14:55:20 **** Incremental Build of configuration Debug for project Lab1_1_STM32 ****
make -j4 all 
arm-none-eabi-size   Lab1_1_STM32.elf 
   text	   data	    bss	    dec	    hex	filename
   4496	     20	   1572	   6088	   17c8	Lab1_1_STM32.elf
Finished building: default.size.stdout
 
14:56:15 **** Incremental Build of configuration Debug for project Lab1_1_STM32 ****
make -j4 all 
arm-none-eabi-gcc "../Core/Src/main.c" -mcpu=cortex-m3 -std=gnu11 -g3 -DDEBUG -DUSE_HAL_DRIVER -DSTM32F103x6 -c -I../Core/Inc -I../Drivers/STM32F1xx_HAL_Driver/Inc -I../Drivers/STM32F1xx_HAL_Driver/Inc/Legacy -I../Drivers/CMSIS/Device/ST/STM32F1xx/Include -I../Drivers/CMSIS/Include -O0 -ffunction-sections -fdata-sections -Wall -fstack-usage -MMD -MP -MF"Core/Src/main.d" -MT"Core/Src/main.o" --specs=nano.specs -mfloat-abi=soft -mthumb -o "Core/Src/main.o"
arm-none-eabi-gcc -o "Lab1_1_STM32.elf" @"objects.list"   -mcpu=cortex-m3 -T"D:\STM32_Lab\Lab1\Lab1_1_STM32\STM32F103C6UX_FLASH.ld" --specs=nosys.specs -Wl,-Map="Lab1_1_STM32.map" -Wl,--gc-sections -static --specs=nano.specs -mfloat-abi=soft -mthumb -Wl,--start-group -lc -lm -Wl,--end-group
Finished building target: Lab1_1_STM32.elf
 
arm-none-eabi-size   Lab1_1_STM32.elf 
arm-none-eabi-objdump -h -S  Lab1_1_STM32.elf  > "Lab1_1_STM32.list"
arm-none-eabi-objcopy  -O ihex  Lab1_1_STM32.elf  "Lab1_1_STM32.hex"
arm-none-eabi-objcopy  -O binary  Lab1_1_STM32.elf  "Lab1_1_STM32.bin"
   text	   data	    bss	    dec	    hex	filename
   4576	     20	   1572	   6168	   1818	Lab1_1_STM32.elf
Finished building: default.size.stdout
 
Finished building: Lab1_1_STM32.bin
Finished building: Lab1_1_STM32.hex
 
 
Finished building: Lab1_1_STM32.list
 
15:05:24 **** Incremental Build of configuration Debug for project Lab1_1_STM32 ****
make -j4 all 
arm-none-eabi-gcc "../Core/Src/main.c" -mcpu=cortex-m3 -std=gnu11 -g3 -DDEBUG -DUSE_HAL_DRIVER -DSTM32F103x6 -c -I../Core/Inc -I../Drivers/STM32F1xx_HAL_Driver/Inc -I../Drivers/STM32F1xx_HAL_Driver/Inc/Legacy -I../Drivers/CMSIS/Device/ST/STM32F1xx/Include -I../Drivers/CMSIS/Include -O0 -ffunction-sections -fdata-sections -Wall -fstack-usage -MMD -MP -MF"Core/Src/main.d" -MT"Core/Src/main.o" --specs=nano.specs -mfloat-abi=soft -mthumb -o "Core/Src/main.o"
arm-none-eabi-gcc -o "Lab1_1_STM32.elf" @"objects.list"   -mcpu=cortex-m3 -T"D:\STM32_Lab\Lab1\Lab1_1_STM32\STM32F103C6UX_FLASH.ld" --specs=nosys.specs -Wl,-Map="Lab1_1_STM32.map" -Wl,--gc-sections -static --specs=nano.specs -mfloat-abi=soft -mthumb -Wl,--start-group -lc -lm -Wl,--end-group
Finished building target: Lab1_1_STM32.elf
 
arm-none-eabi-size   Lab1_1_STM32.elf 
arm-none-eabi-objdump -h -S  Lab1_1_STM32.elf  > "Lab1_1_STM32.list"
arm-none-eabi-objcopy  -O ihex  Lab1_1_STM32.elf  "Lab1_1_STM32.hex"
arm-none-eabi-objcopy  -O binary  Lab1_1_STM32.elf  "Lab1_1_STM32.bin"
   text	   data	    bss	    dec	    hex	filename
   4584	     20	   1572	   6176	   1820	Lab1_1_STM32.elf
Finished building: default.size.stdout
 
Finished building: Lab1_1_STM32.bin
Finished building: Lab1_1_STM32.hex
 
Finished building: Lab1_1_STM32.list
 
 
15:06:53 **** Incremental Build of configuration Debug for project Lab1_1_STM32 ****
make -j4 all 
arm-none-eabi-gcc "../Core/Src/main.c" -mcpu=cortex-m3 -std=gnu11 -g3 -DDEBUG -DUSE_HAL_DRIVER -DSTM32F103x6 -c -I../Core/Inc -I../Drivers/STM32F1xx_HAL_Driver/Inc -I../Drivers/STM32F1xx_HAL_Driver/Inc/Legacy -I../Drivers/CMSIS/Device/ST/STM32F1xx/Include -I../Drivers/CMSIS/Include -O0 -ffunction-sections -fdata-sections -Wall -fstack-usage -MMD -MP -MF"Core/Src/main.d" -MT"Core/Src/main.o" --specs=nano.specs -mfloat-abi=soft -mthumb -o "Core/Src/main.o"
arm-none-eabi-gcc -o "Lab1_1_STM32.elf" @"objects.list"   -mcpu=cortex-m3 -T"D:\STM32_Lab\Lab1\Lab1_1_STM32\STM32F103C6UX_FLASH.ld" --specs=nosys.specs -Wl,-Map="Lab1_1_STM32.map" -Wl,--gc-sections -static --specs=nano.specs -mfloat-abi=soft -mthumb -Wl,--start-group -lc -lm -Wl,--end-group
Finished building target: Lab1_1_STM32.elf
 
arm-none-eabi-size   Lab1_1_STM32.elf 
arm-none-eabi-objdump -h -S  Lab1_1_STM32.elf  > "Lab1_1_STM32.list"
arm-none-eabi-objcopy  -O ihex  Lab1_1_STM32.elf  "Lab1_1_STM32.hex"
arm-none-eabi-objcopy  -O binary  Lab1_1_STM32.elf  "Lab1_1_STM32.bin"
   text	   data	    bss	    dec	    hex	filename
   4576	     20	   1572	   6168	   1818	Lab1_1_STM32.elf
Finished building: default.size.stdout
 
Finished building: Lab1_1_STM32.hex
Finished building: Lab1_1_STM32.bin
 
Finished building: Lab1_1_STM32.list
 
 
15:08:28 **** Incremental Build of configuration Debug for project Lab1_1_STM32 ****
make -j4 all 
arm-none-eabi-gcc "../Core/Src/main.c" -mcpu=cortex-m3 -std=gnu11 -g3 -DDEBUG -DUSE_HAL_DRIVER -DSTM32F103x6 -c -I../Core/Inc -I../Drivers/STM32F1xx_HAL_Driver/Inc -I../Drivers/STM32F1xx_HAL_Driver/Inc/Legacy -I../Drivers/CMSIS/Device/ST/STM32F1xx/Include -I../Drivers/CMSIS/Include -O0 -ffunction-sections -fdata-sections -Wall -fstack-usage -MMD -MP -MF"Core/Src/main.d" -MT"Core/Src/main.o" --specs=nano.specs -mfloat-abi=soft -mthumb -o "Core/Src/main.o"
arm-none-eabi-gcc -o "Lab1_1_STM32.elf" @"objects.list"   -mcpu=cortex-m3 -T"D:\STM32_Lab\Lab1\Lab1_1_STM32\STM32F103C6UX_FLASH.ld" --specs=nosys.specs -Wl,-Map="Lab1_1_STM32.map" -Wl,--gc-sections -static --specs=nano.specs -mfloat-abi=soft -mthumb -Wl,--start-group -lc -lm -Wl,--end-group
Finished building target: Lab1_1_STM32.elf
 
arm-none-eabi-size   Lab1_1_STM32.elf 
arm-none-eabi-objdump -h -S  Lab1_1_STM32.elf  > "Lab1_1_STM32.list"
arm-none-eabi-objcopy  -O ihex  Lab1_1_STM32.elf  "Lab1_1_STM32.hex"
arm-none-eabi-objcopy  -O binary  Lab1_1_STM32.elf  "Lab1_1_STM32.bin"
   text	   data	    bss	    dec	    hex	filename
   4536	     20	   1572	   6128	   17f0	Lab1_1_STM32.elf
Finished building: default.size.stdout
 
Finished building: Lab1_1_STM32.hex
Finished building: Lab1_1_STM32.bin
 
Finished building: Lab1_1_STM32.list
 
 
15:09:08 **** Incremental Build of configuration Debug for project Lab1_1_STM32 ****
make -j4 all 
arm-none-eabi-gcc "../Core/Src/main.c" -mcpu=cortex-m3 -std=gnu11 -g3 -DDEBUG -DUSE_HAL_DRIVER -DSTM32F103x6 -c -I../Core/Inc -I../Drivers/STM32F1xx_HAL_Driver/Inc -I../Drivers/STM32F1xx_HAL_Driver/Inc/Legacy -I../Drivers/CMSIS/Device/ST/STM32F1xx/Include -I../Drivers/CMSIS/Include -O0 -ffunction-sections -fdata-sections -Wall -fstack-usage -MMD -MP -MF"Core/Src/main.d" -MT"Core/Src/main.o" --specs=nano.specs -mfloat-abi=soft -mthumb -o "Core/Src/main.o"
arm-none-eabi-gcc -o "Lab1_1_STM32.elf" @"objects.list"   -mcpu=cortex-m3 -T"D:\STM32_Lab\Lab1\Lab1_1_STM32\STM32F103C6UX_FLASH.ld" --specs=nosys.specs -Wl,-Map="Lab1_1_STM32.map" -Wl,--gc-sections -static --specs=nano.specs -mfloat-abi=soft -mthumb -Wl,--start-group -lc -lm -Wl,--end-group
Finished building target: Lab1_1_STM32.elf
 
arm-none-eabi-size   Lab1_1_STM32.elf 
arm-none-eabi-objdump -h -S  Lab1_1_STM32.elf  > "Lab1_1_STM32.list"
arm-none-eabi-objcopy  -O ihex  Lab1_1_STM32.elf  "Lab1_1_STM32.hex"
arm-none-eabi-objcopy  -O binary  Lab1_1_STM32.elf  "Lab1_1_STM32.bin"
   text	   data	    bss	    dec	    hex	filename
   4524	     20	   1572	   6116	   17e4	Lab1_1_STM32.elf
Finished building: default.size.stdout
Finished building: Lab1_1_STM32.bin
Finished building: Lab1_1_STM32.hex
Finished building: Lab1_1_STM32.list
 
 
 
 
15:09:45 **** Incremental Build of configuration Debug for project Lab1_1_STM32 ****
make -j4 all 
arm-none-eabi-gcc "../Core/Src/main.c" -mcpu=cortex-m3 -std=gnu11 -g3 -DDEBUG -DUSE_HAL_DRIVER -DSTM32F103x6 -c -I../Core/Inc -I../Drivers/STM32F1xx_HAL_Driver/Inc -I../Drivers/STM32F1xx_HAL_Driver/Inc/Legacy -I../Drivers/CMSIS/Device/ST/STM32F1xx/Include -I../Drivers/CMSIS/Include -O0 -ffunction-sections -fdata-sections -Wall -fstack-usage -MMD -MP -MF"Core/Src/main.d" -MT"Core/Src/main.o" --specs=nano.specs -mfloat-abi=soft -mthumb -o "Core/Src/main.o"
arm-none-eabi-gcc -o "Lab1_1_STM32.elf" @"objects.list"   -mcpu=cortex-m3 -T"D:\STM32_Lab\Lab1\Lab1_1_STM32\STM32F103C6UX_FLASH.ld" --specs=nosys.specs -Wl,-Map="Lab1_1_STM32.map" -Wl,--gc-sections -static --specs=nano.specs -mfloat-abi=soft -mthumb -Wl,--start-group -lc -lm -Wl,--end-group
Finished building target: Lab1_1_STM32.elf
 
arm-none-eabi-size   Lab1_1_STM32.elf 
arm-none-eabi-objdump -h -S  Lab1_1_STM32.elf  > "Lab1_1_STM32.list"
arm-none-eabi-objcopy  -O ihex  Lab1_1_STM32.elf  "Lab1_1_STM32.hex"
arm-none-eabi-objcopy  -O binary  Lab1_1_STM32.elf  "Lab1_1_STM32.bin"
   text	   data	    bss	    dec	    hex	filename
   4444	     20	   1572	   6036	   1794	Lab1_1_STM32.elf
Finished building: default.size.stdout
Finished building: Lab1_1_STM32.hex
 
Finished building: Lab1_1_STM32.bin
Finished building: Lab1_1_STM32.list
 
 
 
15:11:00 **** Incremental Build of configuration Debug for project Lab1_1_STM32 ****
make -j4 all 
arm-none-eabi-gcc "../Core/Src/main.c" -mcpu=cortex-m3 -std=gnu11 -g3 -DDEBUG -DUSE_HAL_DRIVER -DSTM32F103x6 -c -I../Core/Inc -I../Drivers/STM32F1xx_HAL_Driver/Inc -I../Drivers/STM32F1xx_HAL_Driver/Inc/Legacy -I../Drivers/CMSIS/Device/ST/STM32F1xx/Include -I../Drivers/CMSIS/Include -O0 -ffunction-sections -fdata-sections -Wall -fstack-usage -MMD -MP -MF"Core/Src/main.d" -MT"Core/Src/main.o" --specs=nano.specs -mfloat-abi=soft -mthumb -o "Core/Src/main.o"
arm-none-eabi-gcc -o "Lab1_1_STM32.elf" @"objects.list"   -mcpu=cortex-m3 -T"D:\STM32_Lab\Lab1\Lab1_1_STM32\STM32F103C6UX_FLASH.ld" --specs=nosys.specs -Wl,-Map="Lab1_1_STM32.map" -Wl,--gc-sections -static --specs=nano.specs -mfloat-abi=soft -mthumb -Wl,--start-group -lc -lm -Wl,--end-group
Finished building target: Lab1_1_STM32.elf
 
arm-none-eabi-size   Lab1_1_STM32.elf 
arm-none-eabi-objdump -h -S  Lab1_1_STM32.elf  > "Lab1_1_STM32.list"
arm-none-eabi-objcopy  -O ihex  Lab1_1_STM32.elf  "Lab1_1_STM32.hex"
arm-none-eabi-objcopy  -O binary  Lab1_1_STM32.elf  "Lab1_1_STM32.bin"
   text	   data	    bss	    dec	    hex	filename
   4524	     20	   1572	   6116	   17e4	Lab1_1_STM32.elf
Finished building: default.size.stdout
 
Finished building: Lab1_1_STM32.hex
Finished building: Lab1_1_STM32.bin
 
Finished building: Lab1_1_STM32.list
 
 
15:12:09 **** Incremental Build of configuration Debug for project Lab1_1_STM32 ****
make -j4 all 
arm-none-eabi-gcc "../Core/Src/main.c" -mcpu=cortex-m3 -std=gnu11 -g3 -DDEBUG -DUSE_HAL_DRIVER -DSTM32F103x6 -c -I../Core/Inc -I../Drivers/STM32F1xx_HAL_Driver/Inc -I../Drivers/STM32F1xx_HAL_Driver/Inc/Legacy -I../Drivers/CMSIS/Device/ST/STM32F1xx/Include -I../Drivers/CMSIS/Include -O0 -ffunction-sections -fdata-sections -Wall -fstack-usage -MMD -MP -MF"Core/Src/main.d" -MT"Core/Src/main.o" --specs=nano.specs -mfloat-abi=soft -mthumb -o "Core/Src/main.o"
arm-none-eabi-gcc -o "Lab1_1_STM32.elf" @"objects.list"   -mcpu=cortex-m3 -T"D:\STM32_Lab\Lab1\Lab1_1_STM32\STM32F103C6UX_FLASH.ld" --specs=nosys.specs -Wl,-Map="Lab1_1_STM32.map" -Wl,--gc-sections -static --specs=nano.specs -mfloat-abi=soft -mthumb -Wl,--start-group -lc -lm -Wl,--end-group
Finished building target: Lab1_1_STM32.elf
 
arm-none-eabi-size   Lab1_1_STM32.elf 
arm-none-eabi-objdump -h -S  Lab1_1_STM32.elf  > "Lab1_1_STM32.list"
arm-none-eabi-objcopy  -O ihex  Lab1_1_STM32.elf  "Lab1_1_STM32.hex"
arm-none-eabi-objcopy  -O binary  Lab1_1_STM32.elf  "Lab1_1_STM32.bin"
   text	   data	    bss	    dec	    hex	filename
   4584	     20	   1572	   6176	   1820	Lab1_1_STM32.elf
Finished building: default.size.stdout
 
Finished building: Lab1_1_STM32.hex
Finished building: Lab1_1_STM32.bin
Finished building: Lab1_1_STM32.list
 
 
 
15:13:43 **** Incremental Build of configuration Debug for project Lab1_1_STM32 ****
make -j4 all 
arm-none-eabi-size   Lab1_1_STM32.elf 
   text	   data	    bss	    dec	    hex	filename
   4584	     20	   1572	   6176	   1820	Lab1_1_STM32.elf
Finished building: default.size.stdout
 
15:15:13 **** Incremental Build of configuration Debug for project Lab1_1_STM32 ****
make -j4 all 
arm-none-eabi-gcc "../Core/Src/main.c" -mcpu=cortex-m3 -std=gnu11 -g3 -DDEBUG -DUSE_HAL_DRIVER -DSTM32F103x6 -c -I../Core/Inc -I../Drivers/STM32F1xx_HAL_Driver/Inc -I../Drivers/STM32F1xx_HAL_Driver/Inc/Legacy -I../Drivers/CMSIS/Device/ST/STM32F1xx/Include -I../Drivers/CMSIS/Include -O0 -ffunction-sections -fdata-sections -Wall -fstack-usage -MMD -MP -MF"Core/Src/main.d" -MT"Core/Src/main.o" --specs=nano.specs -mfloat-abi=soft -mthumb -o "Core/Src/main.o"
arm-none-eabi-gcc -o "Lab1_1_STM32.elf" @"objects.list"   -mcpu=cortex-m3 -T"D:\STM32_Lab\Lab1\Lab1_1_STM32\STM32F103C6UX_FLASH.ld" --specs=nosys.specs -Wl,-Map="Lab1_1_STM32.map" -Wl,--gc-sections -static --specs=nano.specs -mfloat-abi=soft -mthumb -Wl,--start-group -lc -lm -Wl,--end-group
Finished building target: Lab1_1_STM32.elf
 
arm-none-eabi-size   Lab1_1_STM32.elf 
arm-none-eabi-objdump -h -S  Lab1_1_STM32.elf  > "Lab1_1_STM32.list"
arm-none-eabi-objcopy  -O ihex  Lab1_1_STM32.elf  "Lab1_1_STM32.hex"
arm-none-eabi-objcopy  -O binary  Lab1_1_STM32.elf  "Lab1_1_STM32.bin"
   text	   data	    bss	    dec	    hex	filename
   4584	     20	   1572	   6176	   1820	Lab1_1_STM32.elf
Finished building: default.size.stdout
 
Finished building: Lab1_1_STM32.hex
Finished building: Lab1_1_STM32.bin
 
Finished building: Lab1_1_STM32.list
 
 
15:16:06 **** Incremental Build of configuration Debug for project Lab1_1_STM32 ****
make -j4 all 
arm-none-eabi-gcc "../Core/Src/main.c" -mcpu=cortex-m3 -std=gnu11 -g3 -DDEBUG -DUSE_HAL_DRIVER -DSTM32F103x6 -c -I../Core/Inc -I../Drivers/STM32F1xx_HAL_Driver/Inc -I../Drivers/STM32F1xx_HAL_Driver/Inc/Legacy -I../Drivers/CMSIS/Device/ST/STM32F1xx/Include -I../Drivers/CMSIS/Include -O0 -ffunction-sections -fdata-sections -Wall -fstack-usage -MMD -MP -MF"Core/Src/main.d" -MT"Core/Src/main.o" --specs=nano.specs -mfloat-abi=soft -mthumb -o "Core/Src/main.o"
arm-none-eabi-gcc -o "Lab1_1_STM32.elf" @"objects.list"   -mcpu=cortex-m3 -T"D:\STM32_Lab\Lab1\Lab1_1_STM32\STM32F103C6UX_FLASH.ld" --specs=nosys.specs -Wl,-Map="Lab1_1_STM32.map" -Wl,--gc-sections -static --specs=nano.specs -mfloat-abi=soft -mthumb -Wl,--start-group -lc -lm -Wl,--end-group
Finished building target: Lab1_1_STM32.elf
 
arm-none-eabi-size   Lab1_1_STM32.elf 
arm-none-eabi-objdump -h -S  Lab1_1_STM32.elf  > "Lab1_1_STM32.list"
arm-none-eabi-objcopy  -O ihex  Lab1_1_STM32.elf  "Lab1_1_STM32.hex"
arm-none-eabi-objcopy  -O binary  Lab1_1_STM32.elf  "Lab1_1_STM32.bin"
   text	   data	    bss	    dec	    hex	filename
   4584	     20	   1572	   6176	   1820	Lab1_1_STM32.elf
Finished building: default.size.stdout
Finished building: Lab1_1_STM32.bin
Finished building: Lab1_1_STM32.list
Finished building: Lab1_1_STM32.hex
 
 
 
 
15:17:29 **** Incremental Build of configuration Debug for project Lab1_1_STM32 ****
make -j4 all 
arm-none-eabi-size   Lab1_1_STM32.elf 
   text	   data	    bss	    dec	    hex	filename
   4584	     20	   1572	   6176	   1820	Lab1_1_STM32.elf
Finished building: default.size.stdout
 
15:24:50 **** Incremental Build of configuration Debug for project Lab1_1_STM32 ****
make -j4 all 
arm-none-eabi-gcc "../Core/Src/main.c" -mcpu=cortex-m3 -std=gnu11 -g3 -DDEBUG -DUSE_HAL_DRIVER -DSTM32F103x6 -c -I../Core/Inc -I../Drivers/STM32F1xx_HAL_Driver/Inc -I../Drivers/STM32F1xx_HAL_Driver/Inc/Legacy -I../Drivers/CMSIS/Device/ST/STM32F1xx/Include -I../Drivers/CMSIS/Include -O0 -ffunction-sections -fdata-sections -Wall -fstack-usage -MMD -MP -MF"Core/Src/main.d" -MT"Core/Src/main.o" --specs=nano.specs -mfloat-abi=soft -mthumb -o "Core/Src/main.o"
arm-none-eabi-gcc -o "Lab1_1_STM32.elf" @"objects.list"   -mcpu=cortex-m3 -T"D:\STM32_Lab\Lab1\Lab1_1_STM32\STM32F103C6UX_FLASH.ld" --specs=nosys.specs -Wl,-Map="Lab1_1_STM32.map" -Wl,--gc-sections -static --specs=nano.specs -mfloat-abi=soft -mthumb -Wl,--start-group -lc -lm -Wl,--end-group
Finished building target: Lab1_1_STM32.elf
 
arm-none-eabi-size   Lab1_1_STM32.elf 
arm-none-eabi-objdump -h -S  Lab1_1_STM32.elf  > "Lab1_1_STM32.list"
arm-none-eabi-objcopy  -O ihex  Lab1_1_STM32.elf  "Lab1_1_STM32.hex"
arm-none-eabi-objcopy  -O binary  Lab1_1_STM32.elf  "Lab1_1_STM32.bin"
   text	   data	    bss	    dec	    hex	filename
   4584	     20	   1572	   6176	   1820	Lab1_1_STM32.elf
Finished building: default.size.stdout
 
Finished building: Lab1_1_STM32.hex
Finished building: Lab1_1_STM32.bin
 
Finished building: Lab1_1_STM32.list
 
 
15:27:26 **** Incremental Build of configuration Debug for project Lab1_1_STM32 ****
make -j4 all 
arm-none-eabi-gcc "../Core/Src/main.c" -mcpu=cortex-m3 -std=gnu11 -g3 -DDEBUG -DUSE_HAL_DRIVER -DSTM32F103x6 -c -I../Core/Inc -I../Drivers/STM32F1xx_HAL_Driver/Inc -I../Drivers/STM32F1xx_HAL_Driver/Inc/Legacy -I../Drivers/CMSIS/Device/ST/STM32F1xx/Include -I../Drivers/CMSIS/Include -O0 -ffunction-sections -fdata-sections -Wall -fstack-usage -MMD -MP -MF"Core/Src/main.d" -MT"Core/Src/main.o" --specs=nano.specs -mfloat-abi=soft -mthumb -o "Core/Src/main.o"
arm-none-eabi-gcc -o "Lab1_1_STM32.elf" @"objects.list"   -mcpu=cortex-m3 -T"D:\STM32_Lab\Lab1\Lab1_1_STM32\STM32F103C6UX_FLASH.ld" --specs=nosys.specs -Wl,-Map="Lab1_1_STM32.map" -Wl,--gc-sections -static --specs=nano.specs -mfloat-abi=soft -mthumb -Wl,--start-group -lc -lm -Wl,--end-group
Finished building target: Lab1_1_STM32.elf
 
arm-none-eabi-size   Lab1_1_STM32.elf 
arm-none-eabi-objdump -h -S  Lab1_1_STM32.elf  > "Lab1_1_STM32.list"
arm-none-eabi-objcopy  -O ihex  Lab1_1_STM32.elf  "Lab1_1_STM32.hex"
arm-none-eabi-objcopy  -O binary  Lab1_1_STM32.elf  "Lab1_1_STM32.bin"
   text	   data	    bss	    dec	    hex	filename
   4584	     20	   1572	   6176	   1820	Lab1_1_STM32.elf
Finished building: default.size.stdout
 
Finished building: Lab1_1_STM32.bin
Finished building: Lab1_1_STM32.hex
Finished building: Lab1_1_STM32.list
 
 
 
15:28:55 **** Incremental Build of configuration Debug for project Lab1_1_STM32 ****
make -j4 all 
arm-none-eabi-size   Lab1_1_STM32.elf 
   text	   data	    bss	    dec	    hex	filename
   4584	     20	   1572	   6176	   1820	Lab1_1_STM32.elf
Finished building: default.size.stdout
 
15:35:50 **** Incremental Build of configuration Debug for project Lab1_1_STM32 ****
make -j4 all 
arm-none-eabi-gcc "../Core/Src/main.c" -mcpu=cortex-m3 -std=gnu11 -g3 -DDEBUG -DUSE_HAL_DRIVER -DSTM32F103x6 -c -I../Core/Inc -I../Drivers/STM32F1xx_HAL_Driver/Inc -I../Drivers/STM32F1xx_HAL_Driver/Inc/Legacy -I../Drivers/CMSIS/Device/ST/STM32F1xx/Include -I../Drivers/CMSIS/Include -O0 -ffunction-sections -fdata-sections -Wall -fstack-usage -MMD -MP -MF"Core/Src/main.d" -MT"Core/Src/main.o" --specs=nano.specs -mfloat-abi=soft -mthumb -o "Core/Src/main.o"
arm-none-eabi-gcc -o "Lab1_1_STM32.elf" @"objects.list"   -mcpu=cortex-m3 -T"D:\STM32_Lab\Lab1\Lab1_1_STM32\STM32F103C6UX_FLASH.ld" --specs=nosys.specs -Wl,-Map="Lab1_1_STM32.map" -Wl,--gc-sections -static --specs=nano.specs -mfloat-abi=soft -mthumb -Wl,--start-group -lc -lm -Wl,--end-group
Finished building target: Lab1_1_STM32.elf
 
arm-none-eabi-size   Lab1_1_STM32.elf 
arm-none-eabi-objdump -h -S  Lab1_1_STM32.elf  > "Lab1_1_STM32.list"
arm-none-eabi-objcopy  -O ihex  Lab1_1_STM32.elf  "Lab1_1_STM32.hex"
arm-none-eabi-objcopy  -O binary  Lab1_1_STM32.elf  "Lab1_1_STM32.bin"
   text	   data	    bss	    dec	    hex	filename
   4592	     20	   1572	   6184	   1828	Lab1_1_STM32.elf
Finished building: default.size.stdout
 
Finished building: Lab1_1_STM32.bin
Finished building: Lab1_1_STM32.hex
Finished building: Lab1_1_STM32.list
 
 
 
15:43:09 **** Incremental Build of configuration Debug for project Lab1_1_STM32 ****
make -j4 all 
arm-none-eabi-gcc "../Core/Src/main.c" -mcpu=cortex-m3 -std=gnu11 -g3 -DDEBUG -DUSE_HAL_DRIVER -DSTM32F103x6 -c -I../Core/Inc -I../Drivers/STM32F1xx_HAL_Driver/Inc -I../Drivers/STM32F1xx_HAL_Driver/Inc/Legacy -I../Drivers/CMSIS/Device/ST/STM32F1xx/Include -I../Drivers/CMSIS/Include -O0 -ffunction-sections -fdata-sections -Wall -fstack-usage -MMD -MP -MF"Core/Src/main.d" -MT"Core/Src/main.o" --specs=nano.specs -mfloat-abi=soft -mthumb -o "Core/Src/main.o"
arm-none-eabi-gcc -o "Lab1_1_STM32.elf" @"objects.list"   -mcpu=cortex-m3 -T"D:\STM32_Lab\Lab1\Lab1_1_STM32\STM32F103C6UX_FLASH.ld" --specs=nosys.specs -Wl,-Map="Lab1_1_STM32.map" -Wl,--gc-sections -static --specs=nano.specs -mfloat-abi=soft -mthumb -Wl,--start-group -lc -lm -Wl,--end-group
Finished building target: Lab1_1_STM32.elf
 
arm-none-eabi-size   Lab1_1_STM32.elf 
arm-none-eabi-objdump -h -S  Lab1_1_STM32.elf  > "Lab1_1_STM32.list"
arm-none-eabi-objcopy  -O ihex  Lab1_1_STM32.elf  "Lab1_1_STM32.hex"
arm-none-eabi-objcopy  -O binary  Lab1_1_STM32.elf  "Lab1_1_STM32.bin"
   text	   data	    bss	    dec	    hex	filename
   4584	     20	   1572	   6176	   1820	Lab1_1_STM32.elf
Finished building: default.size.stdout
 
Finished building: Lab1_1_STM32.bin
Finished building: Lab1_1_STM32.hex
Finished building: Lab1_1_STM32.list
 
 
 
15:43:37 **** Incremental Build of configuration Debug for project Lab1_1_STM32 ****
make -j4 all 
arm-none-eabi-gcc "../Core/Src/main.c" -mcpu=cortex-m3 -std=gnu11 -g3 -DDEBUG -DUSE_HAL_DRIVER -DSTM32F103x6 -c -I../Core/Inc -I../Drivers/STM32F1xx_HAL_Driver/Inc -I../Drivers/STM32F1xx_HAL_Driver/Inc/Legacy -I../Drivers/CMSIS/Device/ST/STM32F1xx/Include -I../Drivers/CMSIS/Include -O0 -ffunction-sections -fdata-sections -Wall -fstack-usage -MMD -MP -MF"Core/Src/main.d" -MT"Core/Src/main.o" --specs=nano.specs -mfloat-abi=soft -mthumb -o "Core/Src/main.o"
arm-none-eabi-gcc -o "Lab1_1_STM32.elf" @"objects.list"   -mcpu=cortex-m3 -T"D:\STM32_Lab\Lab1\Lab1_1_STM32\STM32F103C6UX_FLASH.ld" --specs=nosys.specs -Wl,-Map="Lab1_1_STM32.map" -Wl,--gc-sections -static --specs=nano.specs -mfloat-abi=soft -mthumb -Wl,--start-group -lc -lm -Wl,--end-group
Finished building target: Lab1_1_STM32.elf
 
arm-none-eabi-size   Lab1_1_STM32.elf 
arm-none-eabi-objdump -h -S  Lab1_1_STM32.elf  > "Lab1_1_STM32.list"
arm-none-eabi-objcopy  -O ihex  Lab1_1_STM32.elf  "Lab1_1_STM32.hex"
arm-none-eabi-objcopy  -O binary  Lab1_1_STM32.elf  "Lab1_1_STM32.bin"
   text	   data	    bss	    dec	    hex	filename
   4600	     20	   1572	   6192	   1830	Lab1_1_STM32.elf
Finished building: default.size.stdout
Finished building: Lab1_1_STM32.bin
 
Finished building: Lab1_1_STM32.list
Finished building: Lab1_1_STM32.hex
 
 
 
15:45:12 **** Incremental Build of configuration Debug for project Lab1_1_STM32 ****
make -j4 all 
arm-none-eabi-gcc "../Core/Src/main.c" -mcpu=cortex-m3 -std=gnu11 -g3 -DDEBUG -DUSE_HAL_DRIVER -DSTM32F103x6 -c -I../Core/Inc -I../Drivers/STM32F1xx_HAL_Driver/Inc -I../Drivers/STM32F1xx_HAL_Driver/Inc/Legacy -I../Drivers/CMSIS/Device/ST/STM32F1xx/Include -I../Drivers/CMSIS/Include -O0 -ffunction-sections -fdata-sections -Wall -fstack-usage -MMD -MP -MF"Core/Src/main.d" -MT"Core/Src/main.o" --specs=nano.specs -mfloat-abi=soft -mthumb -o "Core/Src/main.o"
arm-none-eabi-gcc -o "Lab1_1_STM32.elf" @"objects.list"   -mcpu=cortex-m3 -T"D:\STM32_Lab\Lab1\Lab1_1_STM32\STM32F103C6UX_FLASH.ld" --specs=nosys.specs -Wl,-Map="Lab1_1_STM32.map" -Wl,--gc-sections -static --specs=nano.specs -mfloat-abi=soft -mthumb -Wl,--start-group -lc -lm -Wl,--end-group
Finished building target: Lab1_1_STM32.elf
 
arm-none-eabi-size   Lab1_1_STM32.elf 
arm-none-eabi-objdump -h -S  Lab1_1_STM32.elf  > "Lab1_1_STM32.list"
arm-none-eabi-objcopy  -O ihex  Lab1_1_STM32.elf  "Lab1_1_STM32.hex"
arm-none-eabi-objcopy  -O binary  Lab1_1_STM32.elf  "Lab1_1_STM32.bin"
   text	   data	    bss	    dec	    hex	filename
   4584	     20	   1572	   6176	   1820	Lab1_1_STM32.elf
Finished building: default.size.stdout
 
Finished building: Lab1_1_STM32.hex
Finished building: Lab1_1_STM32.bin
Finished building: Lab1_1_STM32.list
 
 
 
16:19:07 **** Incremental Build of configuration Debug for project Lab1_1_STM32 ****
make -j4 all 
arm-none-eabi-gcc "../Drivers/STM32F1xx_HAL_Driver/Src/stm32f1xx_hal.c" -mcpu=cortex-m3 -std=gnu11 -g3 -DDEBUG -DUSE_HAL_DRIVER -DSTM32F103x6 -c -I../Core/Inc -I../Drivers/STM32F1xx_HAL_Driver/Inc -I../Drivers/STM32F1xx_HAL_Driver/Inc/Legacy -I../Drivers/CMSIS/Device/ST/STM32F1xx/Include -I../Drivers/CMSIS/Include -O0 -ffunction-sections -fdata-sections -Wall -fstack-usage -MMD -MP -MF"Drivers/STM32F1xx_HAL_Driver/Src/stm32f1xx_hal.d" -MT"Drivers/STM32F1xx_HAL_Driver/Src/stm32f1xx_hal.o" --specs=nano.specs -mfloat-abi=soft -mthumb -o "Drivers/STM32F1xx_HAL_Driver/Src/stm32f1xx_hal.o"
arm-none-eabi-gcc "../Drivers/STM32F1xx_HAL_Driver/Src/stm32f1xx_hal_cortex.c" -mcpu=cortex-m3 -std=gnu11 -g3 -DDEBUG -DUSE_HAL_DRIVER -DSTM32F103x6 -c -I../Core/Inc -I../Drivers/STM32F1xx_HAL_Driver/Inc -I../Drivers/STM32F1xx_HAL_Driver/Inc/Legacy -I../Drivers/CMSIS/Device/ST/STM32F1xx/Include -I../Drivers/CMSIS/Include -O0 -ffunction-sections -fdata-sections -Wall -fstack-usage -MMD -MP -MF"Drivers/STM32F1xx_HAL_Driver/Src/stm32f1xx_hal_cortex.d" -MT"Drivers/STM32F1xx_HAL_Driver/Src/stm32f1xx_hal_cortex.o" --specs=nano.specs -mfloat-abi=soft -mthumb -o "Drivers/STM32F1xx_HAL_Driver/Src/stm32f1xx_hal_cortex.o"
arm-none-eabi-gcc "../Drivers/STM32F1xx_HAL_Driver/Src/stm32f1xx_hal_dma.c" -mcpu=cortex-m3 -std=gnu11 -g3 -DDEBUG -DUSE_HAL_DRIVER -DSTM32F103x6 -c -I../Core/Inc -I../Drivers/STM32F1xx_HAL_Driver/Inc -I../Drivers/STM32F1xx_HAL_Driver/Inc/Legacy -I../Drivers/CMSIS/Device/ST/STM32F1xx/Include -I../Drivers/CMSIS/Include -O0 -ffunction-sections -fdata-sections -Wall -fstack-usage -MMD -MP -MF"Drivers/STM32F1xx_HAL_Driver/Src/stm32f1xx_hal_dma.d" -MT"Drivers/STM32F1xx_HAL_Driver/Src/stm32f1xx_hal_dma.o" --specs=nano.specs -mfloat-abi=soft -mthumb -o "Drivers/STM32F1xx_HAL_Driver/Src/stm32f1xx_hal_dma.o"
arm-none-eabi-gcc "../Drivers/STM32F1xx_HAL_Driver/Src/stm32f1xx_hal_exti.c" -mcpu=cortex-m3 -std=gnu11 -g3 -DDEBUG -DUSE_HAL_DRIVER -DSTM32F103x6 -c -I../Core/Inc -I../Drivers/STM32F1xx_HAL_Driver/Inc -I../Drivers/STM32F1xx_HAL_Driver/Inc/Legacy -I../Drivers/CMSIS/Device/ST/STM32F1xx/Include -I../Drivers/CMSIS/Include -O0 -ffunction-sections -fdata-sections -Wall -fstack-usage -MMD -MP -MF"Drivers/STM32F1xx_HAL_Driver/Src/stm32f1xx_hal_exti.d" -MT"Drivers/STM32F1xx_HAL_Driver/Src/stm32f1xx_hal_exti.o" --specs=nano.specs -mfloat-abi=soft -mthumb -o "Drivers/STM32F1xx_HAL_Driver/Src/stm32f1xx_hal_exti.o"
arm-none-eabi-gcc "../Drivers/STM32F1xx_HAL_Driver/Src/stm32f1xx_hal_flash.c" -mcpu=cortex-m3 -std=gnu11 -g3 -DDEBUG -DUSE_HAL_DRIVER -DSTM32F103x6 -c -I../Core/Inc -I../Drivers/STM32F1xx_HAL_Driver/Inc -I../Drivers/STM32F1xx_HAL_Driver/Inc/Legacy -I../Drivers/CMSIS/Device/ST/STM32F1xx/Include -I../Drivers/CMSIS/Include -O0 -ffunction-sections -fdata-sections -Wall -fstack-usage -MMD -MP -MF"Drivers/STM32F1xx_HAL_Driver/Src/stm32f1xx_hal_flash.d" -MT"Drivers/STM32F1xx_HAL_Driver/Src/stm32f1xx_hal_flash.o" --specs=nano.specs -mfloat-abi=soft -mthumb -o "Drivers/STM32F1xx_HAL_Driver/Src/stm32f1xx_hal_flash.o"
arm-none-eabi-gcc "../Drivers/STM32F1xx_HAL_Driver/Src/stm32f1xx_hal_flash_ex.c" -mcpu=cortex-m3 -std=gnu11 -g3 -DDEBUG -DUSE_HAL_DRIVER -DSTM32F103x6 -c -I../Core/Inc -I../Drivers/STM32F1xx_HAL_Driver/Inc -I../Drivers/STM32F1xx_HAL_Driver/Inc/Legacy -I../Drivers/CMSIS/Device/ST/STM32F1xx/Include -I../Drivers/CMSIS/Include -O0 -ffunction-sections -fdata-sections -Wall -fstack-usage -MMD -MP -MF"Drivers/STM32F1xx_HAL_Driver/Src/stm32f1xx_hal_flash_ex.d" -MT"Drivers/STM32F1xx_HAL_Driver/Src/stm32f1xx_hal_flash_ex.o" --specs=nano.specs -mfloat-abi=soft -mthumb -o "Drivers/STM32F1xx_HAL_Driver/Src/stm32f1xx_hal_flash_ex.o"
arm-none-eabi-gcc "../Drivers/STM32F1xx_HAL_Driver/Src/stm32f1xx_hal_gpio.c" -mcpu=cortex-m3 -std=gnu11 -g3 -DDEBUG -DUSE_HAL_DRIVER -DSTM32F103x6 -c -I../Core/Inc -I../Drivers/STM32F1xx_HAL_Driver/Inc -I../Drivers/STM32F1xx_HAL_Driver/Inc/Legacy -I../Drivers/CMSIS/Device/ST/STM32F1xx/Include -I../Drivers/CMSIS/Include -O0 -ffunction-sections -fdata-sections -Wall -fstack-usage -MMD -MP -MF"Drivers/STM32F1xx_HAL_Driver/Src/stm32f1xx_hal_gpio.d" -MT"Drivers/STM32F1xx_HAL_Driver/Src/stm32f1xx_hal_gpio.o" --specs=nano.specs -mfloat-abi=soft -mthumb -o "Drivers/STM32F1xx_HAL_Driver/Src/stm32f1xx_hal_gpio.o"
arm-none-eabi-gcc "../Drivers/STM32F1xx_HAL_Driver/Src/stm32f1xx_hal_gpio_ex.c" -mcpu=cortex-m3 -std=gnu11 -g3 -DDEBUG -DUSE_HAL_DRIVER -DSTM32F103x6 -c -I../Core/Inc -I../Drivers/STM32F1xx_HAL_Driver/Inc -I../Drivers/STM32F1xx_HAL_Driver/Inc/Legacy -I../Drivers/CMSIS/Device/ST/STM32F1xx/Include -I../Drivers/CMSIS/Include -O0 -ffunction-sections -fdata-sections -Wall -fstack-usage -MMD -MP -MF"Drivers/STM32F1xx_HAL_Driver/Src/stm32f1xx_hal_gpio_ex.d" -MT"Drivers/STM32F1xx_HAL_Driver/Src/stm32f1xx_hal_gpio_ex.o" --specs=nano.specs -mfloat-abi=soft -mthumb -o "Drivers/STM32F1xx_HAL_Driver/Src/stm32f1xx_hal_gpio_ex.o"
arm-none-eabi-gcc "../Drivers/STM32F1xx_HAL_Driver/Src/stm32f1xx_hal_pwr.c" -mcpu=cortex-m3 -std=gnu11 -g3 -DDEBUG -DUSE_HAL_DRIVER -DSTM32F103x6 -c -I../Core/Inc -I../Drivers/STM32F1xx_HAL_Driver/Inc -I../Drivers/STM32F1xx_HAL_Driver/Inc/Legacy -I../Drivers/CMSIS/Device/ST/STM32F1xx/Include -I../Drivers/CMSIS/Include -O0 -ffunction-sections -fdata-sections -Wall -fstack-usage -MMD -MP -MF"Drivers/STM32F1xx_HAL_Driver/Src/stm32f1xx_hal_pwr.d" -MT"Drivers/STM32F1xx_HAL_Driver/Src/stm32f1xx_hal_pwr.o" --specs=nano.specs -mfloat-abi=soft -mthumb -o "Drivers/STM32F1xx_HAL_Driver/Src/stm32f1xx_hal_pwr.o"
arm-none-eabi-gcc "../Drivers/STM32F1xx_HAL_Driver/Src/stm32f1xx_hal_rcc.c" -mcpu=cortex-m3 -std=gnu11 -g3 -DDEBUG -DUSE_HAL_DRIVER -DSTM32F103x6 -c -I../Core/Inc -I../Drivers/STM32F1xx_HAL_Driver/Inc -I../Drivers/STM32F1xx_HAL_Driver/Inc/Legacy -I../Drivers/CMSIS/Device/ST/STM32F1xx/Include -I../Drivers/CMSIS/Include -O0 -ffunction-sections -fdata-sections -Wall -fstack-usage -MMD -MP -MF"Drivers/STM32F1xx_HAL_Driver/Src/stm32f1xx_hal_rcc.d" -MT"Drivers/STM32F1xx_HAL_Driver/Src/stm32f1xx_hal_rcc.o" --specs=nano.specs -mfloat-abi=soft -mthumb -o "Drivers/STM32F1xx_HAL_Driver/Src/stm32f1xx_hal_rcc.o"
arm-none-eabi-gcc "../Drivers/STM32F1xx_HAL_Driver/Src/stm32f1xx_hal_rcc_ex.c" -mcpu=cortex-m3 -std=gnu11 -g3 -DDEBUG -DUSE_HAL_DRIVER -DSTM32F103x6 -c -I../Core/Inc -I../Drivers/STM32F1xx_HAL_Driver/Inc -I../Drivers/STM32F1xx_HAL_Driver/Inc/Legacy -I../Drivers/CMSIS/Device/ST/STM32F1xx/Include -I../Drivers/CMSIS/Include -O0 -ffunction-sections -fdata-sections -Wall -fstack-usage -MMD -MP -MF"Drivers/STM32F1xx_HAL_Driver/Src/stm32f1xx_hal_rcc_ex.d" -MT"Drivers/STM32F1xx_HAL_Driver/Src/stm32f1xx_hal_rcc_ex.o" --specs=nano.specs -mfloat-abi=soft -mthumb -o "Drivers/STM32F1xx_HAL_Driver/Src/stm32f1xx_hal_rcc_ex.o"
arm-none-eabi-gcc "../Drivers/STM32F1xx_HAL_Driver/Src/stm32f1xx_hal_tim.c" -mcpu=cortex-m3 -std=gnu11 -g3 -DDEBUG -DUSE_HAL_DRIVER -DSTM32F103x6 -c -I../Core/Inc -I../Drivers/STM32F1xx_HAL_Driver/Inc -I../Drivers/STM32F1xx_HAL_Driver/Inc/Legacy -I../Drivers/CMSIS/Device/ST/STM32F1xx/Include -I../Drivers/CMSIS/Include -O0 -ffunction-sections -fdata-sections -Wall -fstack-usage -MMD -MP -MF"Drivers/STM32F1xx_HAL_Driver/Src/stm32f1xx_hal_tim.d" -MT"Drivers/STM32F1xx_HAL_Driver/Src/stm32f1xx_hal_tim.o" --specs=nano.specs -mfloat-abi=soft -mthumb -o "Drivers/STM32F1xx_HAL_Driver/Src/stm32f1xx_hal_tim.o"
arm-none-eabi-gcc "../Drivers/STM32F1xx_HAL_Driver/Src/stm32f1xx_hal_tim_ex.c" -mcpu=cortex-m3 -std=gnu11 -g3 -DDEBUG -DUSE_HAL_DRIVER -DSTM32F103x6 -c -I../Core/Inc -I../Drivers/STM32F1xx_HAL_Driver/Inc -I../Drivers/STM32F1xx_HAL_Driver/Inc/Legacy -I../Drivers/CMSIS/Device/ST/STM32F1xx/Include -I../Drivers/CMSIS/Include -O0 -ffunction-sections -fdata-sections -Wall -fstack-usage -MMD -MP -MF"Drivers/STM32F1xx_HAL_Driver/Src/stm32f1xx_hal_tim_ex.d" -MT"Drivers/STM32F1xx_HAL_Driver/Src/stm32f1xx_hal_tim_ex.o" --specs=nano.specs -mfloat-abi=soft -mthumb -o "Drivers/STM32F1xx_HAL_Driver/Src/stm32f1xx_hal_tim_ex.o"
arm-none-eabi-gcc "../Core/Src/main.c" -mcpu=cortex-m3 -std=gnu11 -g3 -DDEBUG -DUSE_HAL_DRIVER -DSTM32F103x6 -c -I../Core/Inc -I../Drivers/STM32F1xx_HAL_Driver/Inc -I../Drivers/STM32F1xx_HAL_Driver/Inc/Legacy -I../Drivers/CMSIS/Device/ST/STM32F1xx/Include -I../Drivers/CMSIS/Include -O0 -ffunction-sections -fdata-sections -Wall -fstack-usage -MMD -MP -MF"Core/Src/main.d" -MT"Core/Src/main.o" --specs=nano.specs -mfloat-abi=soft -mthumb -o "Core/Src/main.o"
arm-none-eabi-gcc "../Core/Src/stm32f1xx_hal_msp.c" -mcpu=cortex-m3 -std=gnu11 -g3 -DDEBUG -DUSE_HAL_DRIVER -DSTM32F103x6 -c -I../Core/Inc -I../Drivers/STM32F1xx_HAL_Driver/Inc -I../Drivers/STM32F1xx_HAL_Driver/Inc/Legacy -I../Drivers/CMSIS/Device/ST/STM32F1xx/Include -I../Drivers/CMSIS/Include -O0 -ffunction-sections -fdata-sections -Wall -fstack-usage -MMD -MP -MF"Core/Src/stm32f1xx_hal_msp.d" -MT"Core/Src/stm32f1xx_hal_msp.o" --specs=nano.specs -mfloat-abi=soft -mthumb -o "Core/Src/stm32f1xx_hal_msp.o"
arm-none-eabi-gcc "../Core/Src/stm32f1xx_it.c" -mcpu=cortex-m3 -std=gnu11 -g3 -DDEBUG -DUSE_HAL_DRIVER -DSTM32F103x6 -c -I../Core/Inc -I../Drivers/STM32F1xx_HAL_Driver/Inc -I../Drivers/STM32F1xx_HAL_Driver/Inc/Legacy -I../Drivers/CMSIS/Device/ST/STM32F1xx/Include -I../Drivers/CMSIS/Include -O0 -ffunction-sections -fdata-sections -Wall -fstack-usage -MMD -MP -MF"Core/Src/stm32f1xx_it.d" -MT"Core/Src/stm32f1xx_it.o" --specs=nano.specs -mfloat-abi=soft -mthumb -o "Core/Src/stm32f1xx_it.o"
arm-none-eabi-gcc "../Core/Src/system_stm32f1xx.c" -mcpu=cortex-m3 -std=gnu11 -g3 -DDEBUG -DUSE_HAL_DRIVER -DSTM32F103x6 -c -I../Core/Inc -I../Drivers/STM32F1xx_HAL_Driver/Inc -I../Drivers/STM32F1xx_HAL_Driver/Inc/Legacy -I../Drivers/CMSIS/Device/ST/STM32F1xx/Include -I../Drivers/CMSIS/Include -O0 -ffunction-sections -fdata-sections -Wall -fstack-usage -MMD -MP -MF"Core/Src/system_stm32f1xx.d" -MT"Core/Src/system_stm32f1xx.o" --specs=nano.specs -mfloat-abi=soft -mthumb -o "Core/Src/system_stm32f1xx.o"
arm-none-eabi-gcc -o "Lab1_1_STM32.elf" @"objects.list"   -mcpu=cortex-m3 -T"D:\STM32_Lab\Lab1\Lab1_1_STM32\STM32F103C6UX_FLASH.ld" --specs=nosys.specs -Wl,-Map="Lab1_1_STM32.map" -Wl,--gc-sections -static --specs=nano.specs -mfloat-abi=soft -mthumb -Wl,--start-group -lc -lm -Wl,--end-group
Finished building target: Lab1_1_STM32.elf
 
arm-none-eabi-size   Lab1_1_STM32.elf 
arm-none-eabi-objdump -h -S  Lab1_1_STM32.elf  > "Lab1_1_STM32.list"
arm-none-eabi-objcopy  -O ihex  Lab1_1_STM32.elf  "Lab1_1_STM32.hex"
arm-none-eabi-objcopy  -O binary  Lab1_1_STM32.elf  "Lab1_1_STM32.bin"
   text	   data	    bss	    dec	    hex	filename
   4564	     20	   1572	   6156	   180c	Lab1_1_STM32.elf
Finished building: default.size.stdout
 
Finished building: Lab1_1_STM32.hex
Finished building: Lab1_1_STM32.bin
Finished building: Lab1_1_STM32.list
 
 
 
16:21:51 **** Incremental Build of configuration Debug for project Lab1_1_STM32 ****
make -j4 all 
arm-none-eabi-gcc "../Core/Src/main.c" -mcpu=cortex-m3 -std=gnu11 -g3 -DDEBUG -DUSE_HAL_DRIVER -DSTM32F103x6 -c -I../Core/Inc -I../Drivers/STM32F1xx_HAL_Driver/Inc -I../Drivers/STM32F1xx_HAL_Driver/Inc/Legacy -I../Drivers/CMSIS/Device/ST/STM32F1xx/Include -I../Drivers/CMSIS/Include -O0 -ffunction-sections -fdata-sections -Wall -fstack-usage -MMD -MP -MF"Core/Src/main.d" -MT"Core/Src/main.o" --specs=nano.specs -mfloat-abi=soft -mthumb -o "Core/Src/main.o"
arm-none-eabi-gcc -o "Lab1_1_STM32.elf" @"objects.list"   -mcpu=cortex-m3 -T"D:\STM32_Lab\Lab1\Lab1_1_STM32\STM32F103C6UX_FLASH.ld" --specs=nosys.specs -Wl,-Map="Lab1_1_STM32.map" -Wl,--gc-sections -static --specs=nano.specs -mfloat-abi=soft -mthumb -Wl,--start-group -lc -lm -Wl,--end-group
Finished building target: Lab1_1_STM32.elf
 
arm-none-eabi-size   Lab1_1_STM32.elf 
arm-none-eabi-objdump -h -S  Lab1_1_STM32.elf  > "Lab1_1_STM32.list"
arm-none-eabi-objcopy  -O ihex  Lab1_1_STM32.elf  "Lab1_1_STM32.hex"
arm-none-eabi-objcopy  -O binary  Lab1_1_STM32.elf  "Lab1_1_STM32.bin"
   text	   data	    bss	    dec	    hex	filename
   4564	     20	   1572	   6156	   180c	Lab1_1_STM32.elf
Finished building: default.size.stdout
 
Finished building: Lab1_1_STM32.bin
Finished building: Lab1_1_STM32.hex
Finished building: Lab1_1_STM32.list
 
 
 
16:26:59 **** Incremental Build of configuration Debug for project Lab1_1_STM32 ****
[...]
Finished building target: Lab1_6_STM32.elf
 
arm-none-eabi-size   Lab1_6_STM32.elf 
arm-none-eabi-objdump -h -S  Lab1_6_STM32.elf  > "Lab1_6_STM32.list"
arm-none-eabi-objcopy  -O ihex  Lab1_6_STM32.elf  "Lab1_6_STM32.hex"
arm-none-eabi-objcopy  -O binary  Lab1_6_STM32.elf  "Lab1_6_STM32.bin"
   text	   data	    bss	    dec	    hex	filename
   5132	     24	   1576	   6732	   1a4c	Lab1_6_STM32.elf
Finished building: default.size.stdout
Finished building: Lab1_6_STM32.bin
 
Finished building: Lab1_6_STM32.hex
 
Finished building: Lab1_6_STM32.list
 
 
13:59:02 **** Incremental Build of configuration Debug for project Lab1_6_STM32 ****
make -j4 all 
arm-none-eabi-gcc "../Core/Src/main.c" -mcpu=cortex-m3 -std=gnu11 -g3 -DDEBUG -DUSE_HAL_DRIVER -DSTM32F103x6 -c -I../Core/Inc -I../Drivers/STM32F1xx_HAL_Driver/Inc -I../Drivers/STM32F1xx_HAL_Driver/Inc/Legacy -I../Drivers/CMSIS/Device/ST/STM32F1xx/Include -I../Drivers/CMSIS/Include -O0 -ffunction-sections -fdata-sections -Wall -fstack-usage -MMD -MP -MF"Core/Src/main.d" -MT"Core/Src/main.o" --specs=nano.specs -mfloat-abi=soft -mthumb -o "Core/Src/main.o"
../Core/Src/main.c: In function 'setTime':
../Core/Src/main.c:196:19: warning: passing argument 1 of 'setNumberOnClock' makes integer from pointer without a cast [-Wint-conversion]
  196 |  setNumberOnClock(h);
      |                   ^
      |                   |
      |                   int *
../Core/Src/main.c:74:27: note: expected 'int' but argument is of type 'int *'
   74 | void setNumberOnClock(int num)
      |                       ~~~~^~~
../Core/Src/main.c:197:7: error: invalid operands to binary / (have 'int *' and 'int')
  197 |  m = m/5;
      |       ^
../Core/Src/main.c:198:19: warning: passing argument 1 of 'setNumberOnClock' makes integer from pointer without a cast [-Wint-conversion]
  198 |  setNumberOnClock(m);
      |                   ^
      |                   |
      |                   int *
../Core/Src/main.c:74:27: note: expected 'int' but argument is of type 'int *'
   74 | void setNumberOnClock(int num)
      |                       ~~~~^~~
../Core/Src/main.c:199:7: error: invalid operands to binary / (have 'int *' and 'int')
  199 |  s = s/5;
      |       ^
../Core/Src/main.c:200:19: warning: passing argument 1 of 'setNumberOnClock' makes integer from pointer without a cast [-Wint-conversion]
  200 |  setNumberOnClock(s);
      |                   ^
      |                   |
      |                   int *
../Core/Src/main.c:74:27: note: expected 'int' but argument is of type 'int *'
   74 | void setNumberOnClock(int num)
      |                       ~~~~^~~
make: *** [Core/Src/subdir.mk:34: Core/Src/main.o] Error 1
"make -j4 all" terminated with exit code 2. Build might be incomplete.
13:59:37 **** Incremental Build of configuration Debug for project Lab1_6_STM32 ****
make -j4 all 
arm-none-eabi-gcc "../Core/Src/main.c" -mcpu=cortex-m3 -std=gnu11 -g3 -DDEBUG -DUSE_HAL_DRIVER -DSTM32F103x6 -c -I../Core/Inc -I../Drivers/STM32F1xx_HAL_Driver/Inc -I../Drivers/STM32F1xx_HAL_Driver/Inc/Legacy -I../Drivers/CMSIS/Device/ST/STM32F1xx/Include -I../Drivers/CMSIS/Include -O0 -ffunction-sections -fdata-sections -Wall -fstack-usage -MMD -MP -MF"Core/Src/main.d" -MT"Core/Src/main.o" --specs=nano.specs -mfloat-abi=soft -mthumb -o "Core/Src/main.o"
../Core/Src/main.c: In function 'setTime':
../Core/Src/main.c:196:19: warning: passing argument 1 of 'setNumberOnClock' makes integer from pointer without a cast [-Wint-conversion]
  196 |  setNumberOnClock(&h);
      |                   ^~
      |                   |
      |                   int **
../Core/Src/main.c:74:27: note: expected 'int' but argument is of type 'int **'
   74 | void setNumberOnClock(int num)
      |                       ~~~~^~~
../Core/Src/main.c:198:19: warning: passing argument 1 of 'setNumberOnClock' makes integer from pointer without a cast [-Wint-conversion]
  198 |  setNumberOnClock(&m);
      |                   ^~
      |                   |
      |                   int **
../Core/Src/main.c:74:27: note: expected 'int' but argument is of type 'int **'
   74 | void setNumberOnClock(int num)
      |                       ~~~~^~~
../Core/Src/main.c:200:19: warning: passing argument 1 of 'setNumberOnClock' makes integer from pointer without a cast [-Wint-conversion]
  200 |  setNumberOnClock(&s);
      |                   ^~
      |                   |
      |                   int **
../Core/Src/main.c:74:27: note: expected 'int' but argument is of type 'int **'
   74 | void setNumberOnClock(int num)
      |                       ~~~~^~~
arm-none-eabi-gcc -o "Lab1_6_STM32.elf" @"objects.list"   -mcpu=cortex-m3 -T"D:\STM32_Lab\Lab1\Lab1_6_STM32\STM32F103C6UX_FLASH.ld" --specs=nosys.specs -Wl,-Map="Lab1_6_STM32.map" -Wl,--gc-sections -static --specs=nano.specs -mfloat-abi=soft -mthumb -Wl,--start-group -lc -lm -Wl,--end-group
Finished building target: Lab1_6_STM32.elf
 
arm-none-eabi-size   Lab1_6_STM32.elf 
arm-none-eabi-objdump -h -S  Lab1_6_STM32.elf  > "Lab1_6_STM32.list"
arm-none-eabi-objcopy  -O ihex  Lab1_6_STM32.elf  "Lab1_6_STM32.hex"
arm-none-eabi-objcopy  -O binary  Lab1_6_STM32.elf  "Lab1_6_STM32.bin"
   text	   data	    bss	    dec	    hex	filename
   5112	     20	   1572	   6704	   1a30	Lab1_6_STM32.elf
Finished building: default.size.stdout
 
Finished building: Lab1_6_STM32.bin
Finished building: Lab1_6_STM32.hex
 
Finished building: Lab1_6_STM32.list
 
 
14:04:11 **** Incremental Build of configuration Debug for project Lab1_6_STM32 ****
make -j4 all 
arm-none-eabi-gcc "../Core/Src/main.c" -mcpu=cortex-m3 -std=gnu11 -g3 -DDEBUG -DUSE_HAL_DRIVER -DSTM32F103x6 -c -I../Core/Inc -I../Drivers/STM32F1xx_HAL_Driver/Inc -I../Drivers/STM32F1xx_HAL_Driver/Inc/Legacy -I../Drivers/CMSIS/Device/ST/STM32F1xx/Include -I../Drivers/CMSIS/Include -O0 -ffunction-sections -fdata-sections -Wall -fstack-usage -MMD -MP -MF"Core/Src/main.d" -MT"Core/Src/main.o" --specs=nano.specs -mfloat-abi=soft -mthumb -o "Core/Src/main.o"
arm-none-eabi-gcc -o "Lab1_6_STM32.elf" @"objects.list"   -mcpu=cortex-m3 -T"D:\STM32_Lab\Lab1\Lab1_6_STM32\STM32F103C6UX_FLASH.ld" --specs=nosys.specs -Wl,-Map="Lab1_6_STM32.map" -Wl,--gc-sections -static --specs=nano.specs -mfloat-abi=soft -mthumb -Wl,--start-group -lc -lm -Wl,--end-group
Finished building target: Lab1_6_STM32.elf
 
arm-none-eabi-size   Lab1_6_STM32.elf 
arm-none-eabi-objdump -h -S  Lab1_6_STM32.elf  > "Lab1_6_STM32.list"
arm-none-eabi-objcopy  -O ihex  Lab1_6_STM32.elf  "Lab1_6_STM32.hex"
arm-none-eabi-objcopy  -O binary  Lab1_6_STM32.elf  "Lab1_6_STM32.bin"
   text	   data	    bss	    dec	    hex	filename
   5116	     20	   1572	   6708	   1a34	Lab1_6_STM32.elf
Finished building: default.size.stdout
 
Finished building: Lab1_6_STM32.hex
Finished building: Lab1_6_STM32.bin
 
Finished building: Lab1_6_STM32.list
 
 
14:04:25 **** Incremental Build of configuration Debug for project Lab1_6_STM32 ****
make -j4 all 
arm-none-eabi-size   Lab1_6_STM32.elf 
   text	   data	    bss	    dec	    hex	filename
   5116	     20	   1572	   6708	   1a34	Lab1_6_STM32.elf
Finished building: default.size.stdout
 
14:08:08 **** Incremental Build of configuration Debug for project Lab1_6_STM32 ****
make -j4 all 
arm-none-eabi-gcc "../Core/Src/main.c" -mcpu=cortex-m3 -std=gnu11 -g3 -DDEBUG -DUSE_HAL_DRIVER -DSTM32F103x6 -c -I../Core/Inc -I../Drivers/STM32F1xx_HAL_Driver/Inc -I../Drivers/STM32F1xx_HAL_Driver/Inc/Legacy -I../Drivers/CMSIS/Device/ST/STM32F1xx/Include -I../Drivers/CMSIS/Include -O0 -ffunction-sections -fdata-sections -Wall -fstack-usage -MMD -MP -MF"Core/Src/main.d" -MT"Core/Src/main.o" --specs=nano.specs -mfloat-abi=soft -mthumb -o "Core/Src/main.o"
arm-none-eabi-gcc -o "Lab1_6_STM32.elf" @"objects.list"   -mcpu=cortex-m3 -T"D:\STM32_Lab\Lab1\Lab1_6_STM32\STM32F103C6UX_FLASH.ld" --specs=nosys.specs -Wl,-Map="Lab1_6_STM32.map" -Wl,--gc-sections -static --specs=nano.specs -mfloat-abi=soft -mthumb -Wl,--start-group -lc -lm -Wl,--end-group
Finished building target: Lab1_6_STM32.elf
 
arm-none-eabi-size   Lab1_6_STM32.elf 
arm-none-eabi-objdump -h -S  Lab1_6_STM32.elf  > "Lab1_6_STM32.list"
arm-none-eabi-objcopy  -O ihex  Lab1_6_STM32.elf  "Lab1_6_STM32.hex"
arm-none-eabi-objcopy  -O binary  Lab1_6_STM32.elf  "Lab1_6_STM32.bin"
   text	   data	    bss	    dec	    hex	filename
   5116	     20	   1572	   6708	   1a34	Lab1_6_STM32.elf
Finished building: default.size.stdout
 
Finished building: Lab1_6_STM32.bin
Finished building: Lab1_6_STM32.hex
Finished building: Lab1_6_STM32.list
 
 
 
14:08:13 **** Incremental Build of configuration Debug for project Lab1_6_STM32 ****
make -j4 all 
arm-none-eabi-size   Lab1_6_STM32.elf 
   text	   data	    bss	    dec	    hex	filename
   5116	     20	   1572	   6708	   1a34	Lab1_6_STM32.elf
Finished building: default.size.stdout
 
14:08:14 **** Incremental Build of configuration Debug for project Lab1_6_STM32 ****
make -j4 all 
arm-none-eabi-size   Lab1_6_STM32.elf 
   text	   data	    bss	    dec	    hex	filename
   5116	     20	   1572	   6708	   1a34	Lab1_6_STM32.elf
Finished building: default.size.stdout
 
14:08:16 **** Incremental Build of configuration Debug for project Lab1_6_STM32 ****
make -j4 all 
arm-none-eabi-size   Lab1_6_STM32.elf 
   text	   data	    bss	    dec	    hex	filename
   5116	     20	   1572	   6708	   1a34	Lab1_6_STM32.elf
Finished building: default.size.stdout
 
14:08:18 **** Incremental Build of configuration Debug for project Lab1_6_STM32 ****
make -j4 all 
arm-none-eabi-size   Lab1_6_STM32.elf 
   text	   data	    bss	    dec	    hex	filename
   5116	     20	   1572	   6708	   1a34	Lab1_6_STM32.elf
Finished building: default.size.stdout
 
14:08:20 **** Incremental Build of configuration Debug for project Lab1_6_STM32 ****
make -j4 all 
arm-none-eabi-size   Lab1_6_STM32.elf 
   text	   data	    bss	    dec	    hex	filename
   5116	     20	   1572	   6708	   1a34	Lab1_6_STM32.elf
Finished building: default.size.stdout
 
14:45:49 **** Incremental Build of configuration Debug for project Lab1_6_STM32 ****
make -j4 all 
arm-none-eabi-gcc "../Core/Src/main.c" -mcpu=cortex-m3 -std=gnu11 -g3 -DDEBUG -DUSE_HAL_DRIVER -DSTM32F103x6 -c -I../Core/Inc -I../Drivers/STM32F1xx_HAL_Driver/Inc -I../Drivers/STM32F1xx_HAL_Driver/Inc/Legacy -I../Drivers/CMSIS/Device/ST/STM32F1xx/Include -I../Drivers/CMSIS/Include -O0 -ffunction-sections -fdata-sections -Wall -fstack-usage -MMD -MP -MF"Core/Src/main.d" -MT"Core/Src/main.o" --specs=nano.specs -mfloat-abi=soft -mthumb -o "Core/Src/main.o"
arm-none-eabi-gcc -o "Lab1_6_STM32.elf" @"objects.list"   -mcpu=cortex-m3 -T"D:\STM32_Lab\Lab1\Lab1_6_STM32\STM32F103C6UX_FLASH.ld" --specs=nosys.specs -Wl,-Map="Lab1_6_STM32.map" -Wl,--gc-sections -static --specs=nano.specs -mfloat-abi=soft -mthumb -Wl,--start-group -lc -lm -Wl,--end-group
Finished building target: Lab1_6_STM32.elf
 
arm-none-eabi-size   Lab1_6_STM32.elf 
arm-none-eabi-objdump -h -S  Lab1_6_STM32.elf  > "Lab1_6_STM32.list"
arm-none-eabi-objcopy  -O ihex  Lab1_6_STM32.elf  "Lab1_6_STM32.hex"
arm-none-eabi-objcopy  -O binary  Lab1_6_STM32.elf  "Lab1_6_STM32.bin"
   text	   data	    bss	    dec	    hex	filename
   5160	     20	   1572	   6752	   1a60	Lab1_6_STM32.elf
Finished building: default.size.stdout
Finished building: Lab1_6_STM32.bin
 
Finished building: Lab1_6_STM32.hex
Finished building: Lab1_6_STM32.list
 
 
 
14:45:59 **** Incremental Build of configuration Debug for project Lab1_6_STM32 ****
make -j4 all 
arm-none-eabi-size   Lab1_6_STM32.elf 
   text	   data	    bss	    dec	    hex	filename
   5160	     20	   1572	   6752	   1a60	Lab1_6_STM32.elf
Finished building: default.size.stdout
 
14:46:17 **** Incremental Build of configuration Debug for project Lab1_6_STM32 ****
make -j4 all 
arm-none-eabi-size   Lab1_6_STM32.elf 
   text	   data	    bss	    dec	    hex	filename
   5160	     20	   1572	   6752	   1a60	Lab1_6_STM32.elf
Finished building: default.size.stdout
 
14:46:19 **** Incremental Build of configuration Debug for project Lab1_6_STM32 ****
make -j4 all 
arm-none-eabi-size   Lab1_6_STM32.elf 
   text	   data	    bss	    dec	    hex	filename
   5160	     20	   1572	   6752	   1a60	Lab1_6_STM32.elf
Finished building: default.size.stdout
 
14:46:21 **** Incremental Build of configuration Debug for project Lab1_6_STM32 ****
make -j4 all 
arm-none-eabi-size   Lab1_6_STM32.elf 
   text	   data	    bss	    dec	    hex	filename
   5160	     20	   1572	   6752	   1a60	Lab1_6_STM32.elf
Finished building: default.size.stdout
 
14:46:23 **** Incremental Build of configuration Debug for project Lab1_6_STM32 ****
make -j4 all 
arm-none-eabi-size   Lab1_6_STM32.elf 
   text	   data	    bss	    dec	    hex	filename
   5160	     20	   1572	   6752	   1a60	Lab1_6_STM32.elf
Finished building: default.size.stdout
 
14:46:24 **** Incremental Build of configuration Debug for project Lab1_6_STM32 ****
make -j4 all 
arm-none-eabi-size   Lab1_6_STM32.elf 
   text	   data	    bss	    dec	    hex	filename
   5160	     20	   1572	   6752	   1a60	Lab1_6_STM32.elf
Finished building: default.size.stdout
 
14:46:26 **** Incremental Build of configuration Debug for project Lab1_6_STM32 ****
make -j4 all 
arm-none-eabi-size   Lab1_6_STM32.elf 
   text	   data	    bss	    dec	    hex	filename
   5160	     20	   1572	   6752	   1a60	Lab1_6_STM32.elf
Finished building: default.size.stdout
 
14:46:27 **** Incremental Build of configuration Debug for project Lab1_6_STM32 ****
make -j4 all 
arm-none-eabi-size   Lab1_6_STM32.elf 
   text	   data	    bss	    dec	    hex	filename
   5160	     20	   1572	   6752	   1a60	Lab1_6_STM32.elf
Finished building: default.size.stdout
 
14:46:30 **** Incremental Build of configuration Debug for project Lab1_6_STM32 ****
make -j4 all 
arm-none-eabi-size   Lab1_6_STM32.elf 
   text	   data	    bss	    dec	    hex	filename
   5160	     20	   1572	   6752	   1a60	Lab1_6_STM32.elf
Finished building: default.size.stdout
 
14:47:24 **** Incremental Build of configuration Debug for project Lab1_6_STM32 ****
make -j4 all 
arm-none-eabi-size   Lab1_6_STM32.elf 
   text	   data	    bss	    dec	    hex	filename
   5160	     20	   1572	   6752	   1a60	Lab1_6_STM32.elf
Finished building: default.size.stdout
 
14:47:25 **** Incremental Build of configuration Debug for project Lab1_6_STM32 ****
make -j4 all 
arm-none-eabi-size   Lab1_6_STM32.elf 
   text	   data	    bss	    dec	    hex	filename
   5160	     20	   1572	   6752	   1a60	Lab1_6_STM32.elf
Finished building: default.size.stdout
 
14:47:27 **** Incremental Build of configuration Debug for project Lab1_6_STM32 ****
make -j4 all 
arm-none-eabi-size   Lab1_6_STM32.elf 
   text	   data	    bss	    dec	    hex	filename
   5160	     20	   1572	   6752	   1a60	Lab1_6_STM32.elf
Finished building: default.size.stdout
 
14:47:28 **** Incremental Build of configuration Debug for project Lab1_6_STM32 ****
make -j4 all 
arm-none-eabi-size   Lab1_6_STM32.elf 
   text	   data	    bss	    dec	    hex	filename
   5160	     20	   1572	   6752	   1a60	Lab1_6_STM32.elf
Finished building: default.size.stdout
 
14:47:30 **** Incremental Build of configuration Debug for project Lab1_6_STM32 ****
make -j4 all 
arm-none-eabi-size   Lab1_6_STM32.elf 
   text	   data	    bss	    dec	    hex	filename
   5160	     20	   1572	   6752	   1a60	Lab1_6_STM32.elf
Finished building: default.size.stdout
 
14:47:32 **** Incremental Build of configuration Debug for project Lab1_6_STM32 ****
make -j4 all 
arm-none-eabi-size   Lab1_6_STM32.elf 
   text	   data	    bss	    dec	    hex	filename
   5160	     20	   1572	   6752	   1a60	Lab1_6_STM32.elf
Finished building: default.size.stdout
 
14:47:33 **** Incremental Build of configuration Debug for project Lab1_6_STM32 ****
make -j4 all 
arm-none-eabi-size   Lab1_6_STM32.elf 
   text	   data	    bss	    dec	    hex	filename
   5160	     20	   1572	   6752	   1a60	Lab1_6_STM32.elf
Finished building: default.size.stdout
 
14:47:35 **** Incremental Build of configuration Debug for project Lab1_6_STM32 ****
make -j4 all 
arm-none-eabi-size   Lab1_6_STM32.elf 
   text	   data	    bss	    dec	    hex	filename
   5160	     20	   1572	   6752	   1a60	Lab1_6_STM32.elf
Finished building: default.size.stdout
 
14:50:51 **** Incremental Build of configuration Debug for project Lab1_6_STM32 ****
make -j4 all 
arm-none-eabi-gcc "../Core/Src/main.c" -mcpu=cortex-m3 -std=gnu11 -g3 -DDEBUG -DUSE_HAL_DRIVER -DSTM32F103x6 -c -I../Core/Inc -I../Drivers/STM32F1xx_HAL_Driver/Inc -I../Drivers/STM32F1xx_HAL_Driver/Inc/Legacy -I../Drivers/CMSIS/Device/ST/STM32F1xx/Include -I../Drivers/CMSIS/Include -O0 -ffunction-sections -fdata-sections -Wall -fstack-usage -MMD -MP -MF"Core/Src/main.d" -MT"Core/Src/main.o" --specs=nano.specs -mfloat-abi=soft -mthumb -o "Core/Src/main.o"
arm-none-eabi-gcc -o "Lab1_6_STM32.elf" @"objects.list"   -mcpu=cortex-m3 -T"D:\STM32_Lab\Lab1\Lab1_6_STM32\STM32F103C6UX_FLASH.ld" --specs=nosys.specs -Wl,-Map="Lab1_6_STM32.map" -Wl,--gc-sections -static --specs=nano.specs -mfloat-abi=soft -mthumb -Wl,--start-group -lc -lm -Wl,--end-group
Finished building target: Lab1_6_STM32.elf
 
arm-none-eabi-size   Lab1_6_STM32.elf 
arm-none-eabi-objdump -h -S  Lab1_6_STM32.elf  > "Lab1_6_STM32.list"
arm-none-eabi-objcopy  -O ihex  Lab1_6_STM32.elf  "Lab1_6_STM32.hex"
arm-none-eabi-objcopy  -O binary  Lab1_6_STM32.elf  "Lab1_6_STM32.bin"
   text	   data	    bss	    dec	    hex	filename
   5032	     20	   1572	   6624	   19e0	Lab1_6_STM32.elf
Finished building: default.size.stdout
 
Finished building: Lab1_6_STM32.hex
Finished building: Lab1_6_STM32.bin
Finished building: Lab1_6_STM32.list
 
 
 
14:50:54 **** Incremental Build of configuration Debug for project Lab1_6_STM32 ****
make -j4 all 
arm-none-eabi-size   Lab1_6_STM32.elf 
   text	   data	    bss	    dec	    hex	filename
   5032	     20	   1572	   6624	   19e0	Lab1_6_STM32.elf
Finished building: default.size.stdout
 
14:50:55 **** Incremental Build of configuration Debug for project Lab1_6_STM32 ****
make -j4 all 
arm-none-eabi-size   Lab1_6_STM32.elf 
   text	   data	    bss	    dec	    hex	filename
   5032	     20	   1572	   6624	   19e0	Lab1_6_STM32.elf
Finished building: default.size.stdout
 
14:50:57 **** Incremental Build of configuration Debug for project Lab1_6_STM32 ****
make -j4 all 
arm-none-eabi-size   Lab1_6_STM32.elf 
   text	   data	    bss	    dec	    hex	filename
   5032	     20	   1572	   6624	   19e0	Lab1_6_STM32.elf
Finished building: default.size.stdout
 
14:50:59 **** Incremental Build of configuration Debug for project Lab1_6_STM32 ****
make -j4 all 
arm-none-eabi-size   Lab1_6_STM32.elf 
   text	   data	    bss	    dec	    hex	filename
   5032	     20	   1572	   6624	   19e0	Lab1_6_STM32.elf
Finished building: default.size.stdout
 
14:54:48 **** Incremental Build of configuration Debug for project Lab1_6_STM32 ****
make -j4 all 
arm-none-eabi-size   Lab1_6_STM32.elf 
   text	   data	    bss	    dec	    hex	filename
   5032	     20	   1572	   6624	   19e0	Lab1_6_STM32.elf
Finished building: default.size.stdout
 
14:54:49 **** Incremental Build of configuration Debug for project Lab1_6_STM32 ****
make -j4 all 
arm-none-eabi-size   Lab1_6_STM32.elf 
   text	   data	    bss	    dec	    hex	filename
   5032	     20	   1572	   6624	   19e0	Lab1_6_STM32.elf
Finished building: default.size.stdout
 
14:54:51 **** Incremental Build of configuration Debug for project Lab1_6_STM32 ****
make -j4 all 
arm-none-eabi-size   Lab1_6_STM32.elf 
   text	   data	    bss	    dec	    hex	filename
   5032	     20	   1572	   6624	   19e0	Lab1_6_STM32.elf
Finished building: default.size.stdout
 
14:54:54 **** Incremental Build of configuration Debug for project Lab1_6_STM32 ****
make -j4 all 
arm-none-eabi-size   Lab1_6_STM32.elf 
   text	   data	    bss	    dec	    hex	filename
   5032	     20	   1572	   6624	   19e0	Lab1_6_STM32.elf
Finished building: default.size.stdout
 
