19:14:24 **** Incremental Build of configuration Debug for project Lab5_STM32 ****
make -j4 all 
arm-none-eabi-gcc -o "Lab5_STM32.elf" @"objects.list"   -mcpu=cortex-m3 -T"D:\STM32_Lab\Lab5\Lab5_STM32\STM32F103C6UX_FLASH.ld" --specs=nosys.specs -Wl,-Map="Lab5_STM32.map" -Wl,--gc-sections -static --specs=nano.specs -mfloat-abi=soft -mthumb -Wl,--start-group -lc -lm -Wl,--end-group
Finished building target: Lab5_STM32.elf
 
arm-none-eabi-size   Lab5_STM32.elf 
arm-none-eabi-objdump -h -S  Lab5_STM32.elf  > "Lab5_STM32.list"
arm-none-eabi-objcopy  -O ihex  Lab5_STM32.elf  "Lab5_STM32.hex"
arm-none-eabi-objcopy  -O binary  Lab5_STM32.elf  "Lab5_STM32.bin"
   text	   data	    bss	    dec	    hex	filename
  17840	    128	   2720	  20688	   50d0	Lab5_STM32.elf
Finished building: default.size.stdout
 
Finished building: Lab5_STM32.bin
Finished building: Lab5_STM32.hex
 
 
Finished building: Lab5_STM32.list
 
19:15:51 **** Incremental Build of configuration Debug for project Lab5_STM32 ****
make -j4 all 
arm-none-eabi-gcc "../Core/Src/main.c" -mcpu=cortex-m3 -std=gnu11 -g3 -DDEBUG -DUSE_HAL_DRIVER -DSTM32F103x6 -c -I../Core/Inc -I../Drivers/STM32F1xx_HAL_Driver/Inc -I../Drivers/STM32F1xx_HAL_Driver/Inc/Legacy -I../Drivers/CMSIS/Device/ST/STM32F1xx/Include -I../Drivers/CMSIS/Include -O0 -ffunction-sections -fdata-sections -Wall -fstack-usage -MMD -MP -MF"Core/Src/main.d" -MT"Core/Src/main.o" --specs=nano.specs -mfloat-abi=soft -mthumb -o "Core/Src/main.o"
arm-none-eabi-gcc -o "Lab5_STM32.elf" @"objects.list"   -mcpu=cortex-m3 -T"D:\STM32_Lab\Lab5\Lab5_STM32\STM32F103C6UX_FLASH.ld" --specs=nosys.specs -Wl,-Map="Lab5_STM32.map" -Wl,--gc-sections -static --specs=nano.specs -mfloat-abi=soft -mthumb -Wl,--start-group -lc -lm -Wl,--end-group
Finished building target: Lab5_STM32.elf
 
arm-none-eabi-size   Lab5_STM32.elf 
arm-none-eabi-objdump -h -S  Lab5_STM32.elf  > "Lab5_STM32.list"
arm-none-eabi-objcopy  -O ihex  Lab5_STM32.elf  "Lab5_STM32.hex"
arm-none-eabi-objcopy  -O binary  Lab5_STM32.elf  "Lab5_STM32.bin"
   text	   data	    bss	    dec	    hex	filename
  17840	    128	   2720	  20688	   50d0	Lab5_STM32.elf
Finished building: default.size.stdout
 
Finished building: Lab5_STM32.bin
Finished building: Lab5_STM32.hex
 
 
Finished building: Lab5_STM32.list
 
19:18:00 **** Incremental Build of configuration Debug for project Lab5_STM32 ****
make -j4 all 
arm-none-eabi-size   Lab5_STM32.elf 
   text	   data	    bss	    dec	    hex	filename
  17840	    128	   2720	  20688	   50d0	Lab5_STM32.elf
Finished building: default.size.stdout
 
19:24:27 **** Incremental Build of configuration Debug for project Lab5_STM32 ****
make -j4 all 
arm-none-eabi-size   Lab5_STM32.elf 
   text	   data	    bss	    dec	    hex	filename
  17840	    128	   2720	  20688	   50d0	Lab5_STM32.elf
Finished building: default.size.stdout
 
19:25:12 **** Incremental Build of configuration Debug for project Lab5_STM32 ****
make -j4 all 
arm-none-eabi-size   Lab5_STM32.elf 
   text	   data	    bss	    dec	    hex	filename
  17840	    128	   2720	  20688	   50d0	Lab5_STM32.elf
Finished building: default.size.stdout
 
